
AVRASM ver. 2.1.30  D:\Micro\CV\7segment\4 digits\Debug\List\4d_7seg.asm Sun Jan 24 19:10:24 2021

D:\Micro\CV\7segment\4 digits\Debug\List\4d_7seg.asm(1088): warning: Register r4 already defined by the .DEF directive
D:\Micro\CV\7segment\4 digits\Debug\List\4d_7seg.asm(1089): warning: Register r5 already defined by the .DEF directive
D:\Micro\CV\7segment\4 digits\Debug\List\4d_7seg.asm(1090): warning: Register r6 already defined by the .DEF directive
D:\Micro\CV\7segment\4 digits\Debug\List\4d_7seg.asm(1091): warning: Register r7 already defined by the .DEF directive
D:\Micro\CV\7segment\4 digits\Debug\List\4d_7seg.asm(1092): warning: Register r8 already defined by the .DEF directive
D:\Micro\CV\7segment\4 digits\Debug\List\4d_7seg.asm(1093): warning: Register r9 already defined by the .DEF directive
D:\Micro\CV\7segment\4 digits\Debug\List\4d_7seg.asm(1094): warning: Register r10 already defined by the .DEF directive
D:\Micro\CV\7segment\4 digits\Debug\List\4d_7seg.asm(1095): warning: Register r11 already defined by the .DEF directive
D:\Micro\CV\7segment\4 digits\Debug\List\4d_7seg.asm(1096): warning: Register r12 already defined by the .DEF directive
D:\Micro\CV\7segment\4 digits\Debug\List\4d_7seg.asm(1097): warning: Register r13 already defined by the .DEF directive
                 
                 
                 ;CodeVisionAVR C Compiler V3.12 Advanced
                 ;(C) Copyright 1998-2014 Pavel Haiduc, HP InfoTech s.r.l.
                 ;http://www.hpinfotech.com
                 
                 ;Build configuration    : Debug
                 ;Chip type              : ATmega16
                 ;Program type           : Application
                 ;Clock frequency        : 12.000000 MHz
                 ;Memory model           : Small
                 ;Optimize for           : Size
                 ;(s)printf features     : int, width
                 ;(s)scanf features      : int, width
                 ;External RAM size      : 0
                 ;Data Stack size        : 256 byte(s)
                 ;Heap size              : 0 byte(s)
                 ;Promote 'char' to 'int': Yes
                 ;'char' is unsigned     : Yes
                 ;8 bit enums            : Yes
                 ;Global 'const' stored in FLASH: Yes
                 ;Enhanced function parameter passing: Yes
                 ;Enhanced core instructions: On
                 ;Automatic register allocation for global variables: On
                 ;Smart register allocation: On
                 
                 	#define _MODEL_SMALL_
                 
                 	#pragma AVRPART ADMIN PART_NAME ATmega16
                 	#pragma AVRPART MEMORY PROG_FLASH 16384
                 	#pragma AVRPART MEMORY EEPROM 512
                 	#pragma AVRPART MEMORY INT_SRAM SIZE 1024
                 	#pragma AVRPART MEMORY INT_SRAM START_ADDR 0x60
                 
                 	#define CALL_SUPPORTED 1
                 
                 	.LISTMAC
                 	.EQU UDRE=0x5
                 	.EQU RXC=0x7
                 	.EQU USR=0xB
                 	.EQU UDR=0xC
                 	.EQU SPSR=0xE
                 	.EQU SPDR=0xF
                 	.EQU EERE=0x0
                 	.EQU EEWE=0x1
                 	.EQU EEMWE=0x2
                 	.EQU EECR=0x1C
                 	.EQU EEDR=0x1D
                 	.EQU EEARL=0x1E
                 	.EQU EEARH=0x1F
                 	.EQU WDTCR=0x21
                 	.EQU MCUCR=0x35
                 	.EQU GICR=0x3B
                 	.EQU SPL=0x3D
                 	.EQU SPH=0x3E
                 	.EQU SREG=0x3F
                 
                 	.DEF R0X0=R0
                 	.DEF R0X1=R1
                 	.DEF R0X2=R2
                 	.DEF R0X3=R3
                 	.DEF R0X4=R4
                 	.DEF R0X5=R5
                 	.DEF R0X6=R6
                 	.DEF R0X7=R7
                 	.DEF R0X8=R8
                 	.DEF R0X9=R9
                 	.DEF R0XA=R10
                 	.DEF R0XB=R11
                 	.DEF R0XC=R12
                 	.DEF R0XD=R13
                 	.DEF R0XE=R14
                 	.DEF R0XF=R15
                 	.DEF R0X10=R16
                 	.DEF R0X11=R17
                 	.DEF R0X12=R18
                 	.DEF R0X13=R19
                 	.DEF R0X14=R20
                 	.DEF R0X15=R21
                 	.DEF R0X16=R22
                 	.DEF R0X17=R23
                 	.DEF R0X18=R24
                 	.DEF R0X19=R25
                 	.DEF R0X1A=R26
                 	.DEF R0X1B=R27
                 	.DEF R0X1C=R28
                 	.DEF R0X1D=R29
                 	.DEF R0X1E=R30
                 	.DEF R0X1F=R31
                 
                 	.EQU __SRAM_START=0x0060
                 	.EQU __SRAM_END=0x045F
                 	.EQU __DSTACK_SIZE=0x0100
                 	.EQU __HEAP_SIZE=0x0000
                 	.EQU __CLEAR_SRAM_SIZE=__SRAM_END-__SRAM_START+1
                 
                 	.MACRO __CPD1N
                 	CPI  R30,LOW(@0)
                 	LDI  R26,HIGH(@0)
                 	CPC  R31,R26
                 	LDI  R26,BYTE3(@0)
                 	CPC  R22,R26
                 	LDI  R26,BYTE4(@0)
                 	CPC  R23,R26
                 	.ENDM
                 
                 	.MACRO __CPD2N
                 	CPI  R26,LOW(@0)
                 	LDI  R30,HIGH(@0)
                 	CPC  R27,R30
                 	LDI  R30,BYTE3(@0)
                 	CPC  R24,R30
                 	LDI  R30,BYTE4(@0)
                 	CPC  R25,R30
                 	.ENDM
                 
                 	.MACRO __CPWRR
                 	CP   R@0,R@2
                 	CPC  R@1,R@3
                 	.ENDM
                 
                 	.MACRO __CPWRN
                 	CPI  R@0,LOW(@2)
                 	LDI  R30,HIGH(@2)
                 	CPC  R@1,R30
                 	.ENDM
                 
                 	.MACRO __ADDB1MN
                 	SUBI R30,LOW(-@0-(@1))
                 	.ENDM
                 
                 	.MACRO __ADDB2MN
                 	SUBI R26,LOW(-@0-(@1))
                 	.ENDM
                 
                 	.MACRO __ADDW1MN
                 	SUBI R30,LOW(-@0-(@1))
                 	SBCI R31,HIGH(-@0-(@1))
                 	.ENDM
                 
                 	.MACRO __ADDW2MN
                 	SUBI R26,LOW(-@0-(@1))
                 	SBCI R27,HIGH(-@0-(@1))
                 	.ENDM
                 
                 	.MACRO __ADDW1FN
                 	SUBI R30,LOW(-2*@0-(@1))
                 	SBCI R31,HIGH(-2*@0-(@1))
                 	.ENDM
                 
                 	.MACRO __ADDD1FN
                 	SUBI R30,LOW(-2*@0-(@1))
                 	SBCI R31,HIGH(-2*@0-(@1))
                 	SBCI R22,BYTE3(-2*@0-(@1))
                 	.ENDM
                 
                 	.MACRO __ADDD1N
                 	SUBI R30,LOW(-@0)
                 	SBCI R31,HIGH(-@0)
                 	SBCI R22,BYTE3(-@0)
                 	SBCI R23,BYTE4(-@0)
                 	.ENDM
                 
                 	.MACRO __ADDD2N
                 	SUBI R26,LOW(-@0)
                 	SBCI R27,HIGH(-@0)
                 	SBCI R24,BYTE3(-@0)
                 	SBCI R25,BYTE4(-@0)
                 	.ENDM
                 
                 	.MACRO __SUBD1N
                 	SUBI R30,LOW(@0)
                 	SBCI R31,HIGH(@0)
                 	SBCI R22,BYTE3(@0)
                 	SBCI R23,BYTE4(@0)
                 	.ENDM
                 
                 	.MACRO __SUBD2N
                 	SUBI R26,LOW(@0)
                 	SBCI R27,HIGH(@0)
                 	SBCI R24,BYTE3(@0)
                 	SBCI R25,BYTE4(@0)
                 	.ENDM
                 
                 	.MACRO __ANDBMNN
                 	LDS  R30,@0+(@1)
                 	ANDI R30,LOW(@2)
                 	STS  @0+(@1),R30
                 	.ENDM
                 
                 	.MACRO __ANDWMNN
                 	LDS  R30,@0+(@1)
                 	ANDI R30,LOW(@2)
                 	STS  @0+(@1),R30
                 	LDS  R30,@0+(@1)+1
                 	ANDI R30,HIGH(@2)
                 	STS  @0+(@1)+1,R30
                 	.ENDM
                 
                 	.MACRO __ANDD1N
                 	ANDI R30,LOW(@0)
                 	ANDI R31,HIGH(@0)
                 	ANDI R22,BYTE3(@0)
                 	ANDI R23,BYTE4(@0)
                 	.ENDM
                 
                 	.MACRO __ANDD2N
                 	ANDI R26,LOW(@0)
                 	ANDI R27,HIGH(@0)
                 	ANDI R24,BYTE3(@0)
                 	ANDI R25,BYTE4(@0)
                 	.ENDM
                 
                 	.MACRO __ORBMNN
                 	LDS  R30,@0+(@1)
                 	ORI  R30,LOW(@2)
                 	STS  @0+(@1),R30
                 	.ENDM
                 
                 	.MACRO __ORWMNN
                 	LDS  R30,@0+(@1)
                 	ORI  R30,LOW(@2)
                 	STS  @0+(@1),R30
                 	LDS  R30,@0+(@1)+1
                 	ORI  R30,HIGH(@2)
                 	STS  @0+(@1)+1,R30
                 	.ENDM
                 
                 	.MACRO __ORD1N
                 	ORI  R30,LOW(@0)
                 	ORI  R31,HIGH(@0)
                 	ORI  R22,BYTE3(@0)
                 	ORI  R23,BYTE4(@0)
                 	.ENDM
                 
                 	.MACRO __ORD2N
                 	ORI  R26,LOW(@0)
                 	ORI  R27,HIGH(@0)
                 	ORI  R24,BYTE3(@0)
                 	ORI  R25,BYTE4(@0)
                 	.ENDM
                 
                 	.MACRO __DELAY_USB
                 	LDI  R24,LOW(@0)
                 __DELAY_USB_LOOP:
                 	DEC  R24
                 	BRNE __DELAY_USB_LOOP
                 	.ENDM
                 
                 	.MACRO __DELAY_USW
                 	LDI  R24,LOW(@0)
                 	LDI  R25,HIGH(@0)
                 __DELAY_USW_LOOP:
                 	SBIW R24,1
                 	BRNE __DELAY_USW_LOOP
                 	.ENDM
                 
                 	.MACRO __GETD1S
                 	LDD  R30,Y+@0
                 	LDD  R31,Y+@0+1
                 	LDD  R22,Y+@0+2
                 	LDD  R23,Y+@0+3
                 	.ENDM
                 
                 	.MACRO __GETD2S
                 	LDD  R26,Y+@0
                 	LDD  R27,Y+@0+1
                 	LDD  R24,Y+@0+2
                 	LDD  R25,Y+@0+3
                 	.ENDM
                 
                 	.MACRO __PUTD1S
                 	STD  Y+@0,R30
                 	STD  Y+@0+1,R31
                 	STD  Y+@0+2,R22
                 	STD  Y+@0+3,R23
                 	.ENDM
                 
                 	.MACRO __PUTD2S
                 	STD  Y+@0,R26
                 	STD  Y+@0+1,R27
                 	STD  Y+@0+2,R24
                 	STD  Y+@0+3,R25
                 	.ENDM
                 
                 	.MACRO __PUTDZ2
                 	STD  Z+@0,R26
                 	STD  Z+@0+1,R27
                 	STD  Z+@0+2,R24
                 	STD  Z+@0+3,R25
                 	.ENDM
                 
                 	.MACRO __CLRD1S
                 	STD  Y+@0,R30
                 	STD  Y+@0+1,R30
                 	STD  Y+@0+2,R30
                 	STD  Y+@0+3,R30
                 	.ENDM
                 
                 	.MACRO __POINTB1MN
                 	LDI  R30,LOW(@0+(@1))
                 	.ENDM
                 
                 	.MACRO __POINTW1MN
                 	LDI  R30,LOW(@0+(@1))
                 	LDI  R31,HIGH(@0+(@1))
                 	.ENDM
                 
                 	.MACRO __POINTD1M
                 	LDI  R30,LOW(@0)
                 	LDI  R31,HIGH(@0)
                 	LDI  R22,BYTE3(@0)
                 	LDI  R23,BYTE4(@0)
                 	.ENDM
                 
                 	.MACRO __POINTW1FN
                 	LDI  R30,LOW(2*@0+(@1))
                 	LDI  R31,HIGH(2*@0+(@1))
                 	.ENDM
                 
                 	.MACRO __POINTD1FN
                 	LDI  R30,LOW(2*@0+(@1))
                 	LDI  R31,HIGH(2*@0+(@1))
                 	LDI  R22,BYTE3(2*@0+(@1))
                 	LDI  R23,BYTE4(2*@0+(@1))
                 	.ENDM
                 
                 	.MACRO __POINTB2MN
                 	LDI  R26,LOW(@0+(@1))
                 	.ENDM
                 
                 	.MACRO __POINTW2MN
                 	LDI  R26,LOW(@0+(@1))
                 	LDI  R27,HIGH(@0+(@1))
                 	.ENDM
                 
                 	.MACRO __POINTW2FN
                 	LDI  R26,LOW(2*@0+(@1))
                 	LDI  R27,HIGH(2*@0+(@1))
                 	.ENDM
                 
                 	.MACRO __POINTD2FN
                 	LDI  R26,LOW(2*@0+(@1))
                 	LDI  R27,HIGH(2*@0+(@1))
                 	LDI  R24,BYTE3(2*@0+(@1))
                 	LDI  R25,BYTE4(2*@0+(@1))
                 	.ENDM
                 
                 	.MACRO __POINTBRM
                 	LDI  R@0,LOW(@1)
                 	.ENDM
                 
                 	.MACRO __POINTWRM
                 	LDI  R@0,LOW(@2)
                 	LDI  R@1,HIGH(@2)
                 	.ENDM
                 
                 	.MACRO __POINTBRMN
                 	LDI  R@0,LOW(@1+(@2))
                 	.ENDM
                 
                 	.MACRO __POINTWRMN
                 	LDI  R@0,LOW(@2+(@3))
                 	LDI  R@1,HIGH(@2+(@3))
                 	.ENDM
                 
                 	.MACRO __POINTWRFN
                 	LDI  R@0,LOW(@2*2+(@3))
                 	LDI  R@1,HIGH(@2*2+(@3))
                 	.ENDM
                 
                 	.MACRO __GETD1N
                 	LDI  R30,LOW(@0)
                 	LDI  R31,HIGH(@0)
                 	LDI  R22,BYTE3(@0)
                 	LDI  R23,BYTE4(@0)
                 	.ENDM
                 
                 	.MACRO __GETD2N
                 	LDI  R26,LOW(@0)
                 	LDI  R27,HIGH(@0)
                 	LDI  R24,BYTE3(@0)
                 	LDI  R25,BYTE4(@0)
                 	.ENDM
                 
                 	.MACRO __GETB1MN
                 	LDS  R30,@0+(@1)
                 	.ENDM
                 
                 	.MACRO __GETB1HMN
                 	LDS  R31,@0+(@1)
                 	.ENDM
                 
                 	.MACRO __GETW1MN
                 	LDS  R30,@0+(@1)
                 	LDS  R31,@0+(@1)+1
                 	.ENDM
                 
                 	.MACRO __GETD1MN
                 	LDS  R30,@0+(@1)
                 	LDS  R31,@0+(@1)+1
                 	LDS  R22,@0+(@1)+2
                 	LDS  R23,@0+(@1)+3
                 	.ENDM
                 
                 	.MACRO __GETBRMN
                 	LDS  R@0,@1+(@2)
                 	.ENDM
                 
                 	.MACRO __GETWRMN
                 	LDS  R@0,@2+(@3)
                 	LDS  R@1,@2+(@3)+1
                 	.ENDM
                 
                 	.MACRO __GETWRZ
                 	LDD  R@0,Z+@2
                 	LDD  R@1,Z+@2+1
                 	.ENDM
                 
                 	.MACRO __GETD2Z
                 	LDD  R26,Z+@0
                 	LDD  R27,Z+@0+1
                 	LDD  R24,Z+@0+2
                 	LDD  R25,Z+@0+3
                 	.ENDM
                 
                 	.MACRO __GETB2MN
                 	LDS  R26,@0+(@1)
                 	.ENDM
                 
                 	.MACRO __GETW2MN
                 	LDS  R26,@0+(@1)
                 	LDS  R27,@0+(@1)+1
                 	.ENDM
                 
                 	.MACRO __GETD2MN
                 	LDS  R26,@0+(@1)
                 	LDS  R27,@0+(@1)+1
                 	LDS  R24,@0+(@1)+2
                 	LDS  R25,@0+(@1)+3
                 	.ENDM
                 
                 	.MACRO __PUTB1MN
                 	STS  @0+(@1),R30
                 	.ENDM
                 
                 	.MACRO __PUTW1MN
                 	STS  @0+(@1),R30
                 	STS  @0+(@1)+1,R31
                 	.ENDM
                 
                 	.MACRO __PUTD1MN
                 	STS  @0+(@1),R30
                 	STS  @0+(@1)+1,R31
                 	STS  @0+(@1)+2,R22
                 	STS  @0+(@1)+3,R23
                 	.ENDM
                 
                 	.MACRO __PUTB1EN
                 	LDI  R26,LOW(@0+(@1))
                 	LDI  R27,HIGH(@0+(@1))
                 	CALL __EEPROMWRB
                 	.ENDM
                 
                 	.MACRO __PUTW1EN
                 	LDI  R26,LOW(@0+(@1))
                 	LDI  R27,HIGH(@0+(@1))
                 	CALL __EEPROMWRW
                 	.ENDM
                 
                 	.MACRO __PUTD1EN
                 	LDI  R26,LOW(@0+(@1))
                 	LDI  R27,HIGH(@0+(@1))
                 	CALL __EEPROMWRD
                 	.ENDM
                 
                 	.MACRO __PUTBR0MN
                 	STS  @0+(@1),R0
                 	.ENDM
                 
                 	.MACRO __PUTBMRN
                 	STS  @0+(@1),R@2
                 	.ENDM
                 
                 	.MACRO __PUTWMRN
                 	STS  @0+(@1),R@2
                 	STS  @0+(@1)+1,R@3
                 	.ENDM
                 
                 	.MACRO __PUTBZR
                 	STD  Z+@1,R@0
                 	.ENDM
                 
                 	.MACRO __PUTWZR
                 	STD  Z+@2,R@0
                 	STD  Z+@2+1,R@1
                 	.ENDM
                 
                 	.MACRO __GETW1R
                 	MOV  R30,R@0
                 	MOV  R31,R@1
                 	.ENDM
                 
                 	.MACRO __GETW2R
                 	MOV  R26,R@0
                 	MOV  R27,R@1
                 	.ENDM
                 
                 	.MACRO __GETWRN
                 	LDI  R@0,LOW(@2)
                 	LDI  R@1,HIGH(@2)
                 	.ENDM
                 
                 	.MACRO __PUTW1R
                 	MOV  R@0,R30
                 	MOV  R@1,R31
                 	.ENDM
                 
                 	.MACRO __PUTW2R
                 	MOV  R@0,R26
                 	MOV  R@1,R27
                 	.ENDM
                 
                 	.MACRO __ADDWRN
                 	SUBI R@0,LOW(-@2)
                 	SBCI R@1,HIGH(-@2)
                 	.ENDM
                 
                 	.MACRO __ADDWRR
                 	ADD  R@0,R@2
                 	ADC  R@1,R@3
                 	.ENDM
                 
                 	.MACRO __SUBWRN
                 	SUBI R@0,LOW(@2)
                 	SBCI R@1,HIGH(@2)
                 	.ENDM
                 
                 	.MACRO __SUBWRR
                 	SUB  R@0,R@2
                 	SBC  R@1,R@3
                 	.ENDM
                 
                 	.MACRO __ANDWRN
                 	ANDI R@0,LOW(@2)
                 	ANDI R@1,HIGH(@2)
                 	.ENDM
                 
                 	.MACRO __ANDWRR
                 	AND  R@0,R@2
                 	AND  R@1,R@3
                 	.ENDM
                 
                 	.MACRO __ORWRN
                 	ORI  R@0,LOW(@2)
                 	ORI  R@1,HIGH(@2)
                 	.ENDM
                 
                 	.MACRO __ORWRR
                 	OR   R@0,R@2
                 	OR   R@1,R@3
                 	.ENDM
                 
                 	.MACRO __EORWRR
                 	EOR  R@0,R@2
                 	EOR  R@1,R@3
                 	.ENDM
                 
                 	.MACRO __GETWRS
                 	LDD  R@0,Y+@2
                 	LDD  R@1,Y+@2+1
                 	.ENDM
                 
                 	.MACRO __PUTBSR
                 	STD  Y+@1,R@0
                 	.ENDM
                 
                 	.MACRO __PUTWSR
                 	STD  Y+@2,R@0
                 	STD  Y+@2+1,R@1
                 	.ENDM
                 
                 	.MACRO __MOVEWRR
                 	MOV  R@0,R@2
                 	MOV  R@1,R@3
                 	.ENDM
                 
                 	.MACRO __INWR
                 	IN   R@0,@2
                 	IN   R@1,@2+1
                 	.ENDM
                 
                 	.MACRO __OUTWR
                 	OUT  @2+1,R@1
                 	OUT  @2,R@0
                 	.ENDM
                 
                 	.MACRO __CALL1MN
                 	LDS  R30,@0+(@1)
                 	LDS  R31,@0+(@1)+1
                 	ICALL
                 	.ENDM
                 
                 	.MACRO __CALL1FN
                 	LDI  R30,LOW(2*@0+(@1))
                 	LDI  R31,HIGH(2*@0+(@1))
                 	CALL __GETW1PF
                 	ICALL
                 	.ENDM
                 
                 	.MACRO __CALL2EN
                 	PUSH R26
                 	PUSH R27
                 	LDI  R26,LOW(@0+(@1))
                 	LDI  R27,HIGH(@0+(@1))
                 	CALL __EEPROMRDW
                 	POP  R27
                 	POP  R26
                 	ICALL
                 	.ENDM
                 
                 	.MACRO __CALL2EX
                 	SUBI R26,LOW(-@0)
                 	SBCI R27,HIGH(-@0)
                 	CALL __EEPROMRDD
                 	ICALL
                 	.ENDM
                 
                 	.MACRO __GETW1STACK
                 	IN   R30,SPL
                 	IN   R31,SPH
                 	ADIW R30,@0+1
                 	LD   R0,Z+
                 	LD   R31,Z
                 	MOV  R30,R0
                 	.ENDM
                 
                 	.MACRO __GETD1STACK
                 	IN   R30,SPL
                 	IN   R31,SPH
                 	ADIW R30,@0+1
                 	LD   R0,Z+
                 	LD   R1,Z+
                 	LD   R22,Z
                 	MOVW R30,R0
                 	.ENDM
                 
                 	.MACRO __NBST
                 	BST  R@0,@1
                 	IN   R30,SREG
                 	LDI  R31,0x40
                 	EOR  R30,R31
                 	OUT  SREG,R30
                 	.ENDM
                 
                 
                 	.MACRO __PUTB1SN
                 	LDD  R26,Y+@0
                 	LDD  R27,Y+@0+1
                 	SUBI R26,LOW(-@1)
                 	SBCI R27,HIGH(-@1)
                 	ST   X,R30
                 	.ENDM
                 
                 	.MACRO __PUTW1SN
                 	LDD  R26,Y+@0
                 	LDD  R27,Y+@0+1
                 	SUBI R26,LOW(-@1)
                 	SBCI R27,HIGH(-@1)
                 	ST   X+,R30
                 	ST   X,R31
                 	.ENDM
                 
                 	.MACRO __PUTD1SN
                 	LDD  R26,Y+@0
                 	LDD  R27,Y+@0+1
                 	SUBI R26,LOW(-@1)
                 	SBCI R27,HIGH(-@1)
                 	CALL __PUTDP1
                 	.ENDM
                 
                 	.MACRO __PUTB1SNS
                 	LDD  R26,Y+@0
                 	LDD  R27,Y+@0+1
                 	ADIW R26,@1
                 	ST   X,R30
                 	.ENDM
                 
                 	.MACRO __PUTW1SNS
                 	LDD  R26,Y+@0
                 	LDD  R27,Y+@0+1
                 	ADIW R26,@1
                 	ST   X+,R30
                 	ST   X,R31
                 	.ENDM
                 
                 	.MACRO __PUTD1SNS
                 	LDD  R26,Y+@0
                 	LDD  R27,Y+@0+1
                 	ADIW R26,@1
                 	CALL __PUTDP1
                 	.ENDM
                 
                 	.MACRO __PUTB1PMN
                 	LDS  R26,@0
                 	LDS  R27,@0+1
                 	SUBI R26,LOW(-@1)
                 	SBCI R27,HIGH(-@1)
                 	ST   X,R30
                 	.ENDM
                 
                 	.MACRO __PUTW1PMN
                 	LDS  R26,@0
                 	LDS  R27,@0+1
                 	SUBI R26,LOW(-@1)
                 	SBCI R27,HIGH(-@1)
                 	ST   X+,R30
                 	ST   X,R31
                 	.ENDM
                 
                 	.MACRO __PUTD1PMN
                 	LDS  R26,@0
                 	LDS  R27,@0+1
                 	SUBI R26,LOW(-@1)
                 	SBCI R27,HIGH(-@1)
                 	CALL __PUTDP1
                 	.ENDM
                 
                 	.MACRO __PUTB1PMNS
                 	LDS  R26,@0
                 	LDS  R27,@0+1
                 	ADIW R26,@1
                 	ST   X,R30
                 	.ENDM
                 
                 	.MACRO __PUTW1PMNS
                 	LDS  R26,@0
                 	LDS  R27,@0+1
                 	ADIW R26,@1
                 	ST   X+,R30
                 	ST   X,R31
                 	.ENDM
                 
                 	.MACRO __PUTD1PMNS
                 	LDS  R26,@0
                 	LDS  R27,@0+1
                 	ADIW R26,@1
                 	CALL __PUTDP1
                 	.ENDM
                 
                 	.MACRO __PUTB1RN
                 	MOVW R26,R@0
                 	SUBI R26,LOW(-@1)
                 	SBCI R27,HIGH(-@1)
                 	ST   X,R30
                 	.ENDM
                 
                 	.MACRO __PUTW1RN
                 	MOVW R26,R@0
                 	SUBI R26,LOW(-@1)
                 	SBCI R27,HIGH(-@1)
                 	ST   X+,R30
                 	ST   X,R31
                 	.ENDM
                 
                 	.MACRO __PUTD1RN
                 	MOVW R26,R@0
                 	SUBI R26,LOW(-@1)
                 	SBCI R27,HIGH(-@1)
                 	CALL __PUTDP1
                 	.ENDM
                 
                 	.MACRO __PUTB1RNS
                 	MOVW R26,R@0
                 	ADIW R26,@1
                 	ST   X,R30
                 	.ENDM
                 
                 	.MACRO __PUTW1RNS
                 	MOVW R26,R@0
                 	ADIW R26,@1
                 	ST   X+,R30
                 	ST   X,R31
                 	.ENDM
                 
                 	.MACRO __PUTD1RNS
                 	MOVW R26,R@0
                 	ADIW R26,@1
                 	CALL __PUTDP1
                 	.ENDM
                 
                 	.MACRO __PUTB1RON
                 	MOV  R26,R@0
                 	MOV  R27,R@1
                 	SUBI R26,LOW(-@2)
                 	SBCI R27,HIGH(-@2)
                 	ST   X,R30
                 	.ENDM
                 
                 	.MACRO __PUTW1RON
                 	MOV  R26,R@0
                 	MOV  R27,R@1
                 	SUBI R26,LOW(-@2)
                 	SBCI R27,HIGH(-@2)
                 	ST   X+,R30
                 	ST   X,R31
                 	.ENDM
                 
                 	.MACRO __PUTD1RON
                 	MOV  R26,R@0
                 	MOV  R27,R@1
                 	SUBI R26,LOW(-@2)
                 	SBCI R27,HIGH(-@2)
                 	CALL __PUTDP1
                 	.ENDM
                 
                 	.MACRO __PUTB1RONS
                 	MOV  R26,R@0
                 	MOV  R27,R@1
                 	ADIW R26,@2
                 	ST   X,R30
                 	.ENDM
                 
                 	.MACRO __PUTW1RONS
                 	MOV  R26,R@0
                 	MOV  R27,R@1
                 	ADIW R26,@2
                 	ST   X+,R30
                 	ST   X,R31
                 	.ENDM
                 
                 	.MACRO __PUTD1RONS
                 	MOV  R26,R@0
                 	MOV  R27,R@1
                 	ADIW R26,@2
                 	CALL __PUTDP1
                 	.ENDM
                 
                 
                 	.MACRO __GETB1SX
                 	MOVW R30,R28
                 	SUBI R30,LOW(-@0)
                 	SBCI R31,HIGH(-@0)
                 	LD   R30,Z
                 	.ENDM
                 
                 	.MACRO __GETB1HSX
                 	MOVW R30,R28
                 	SUBI R30,LOW(-@0)
                 	SBCI R31,HIGH(-@0)
                 	LD   R31,Z
                 	.ENDM
                 
                 	.MACRO __GETW1SX
                 	MOVW R30,R28
                 	SUBI R30,LOW(-@0)
                 	SBCI R31,HIGH(-@0)
                 	LD   R0,Z+
                 	LD   R31,Z
                 	MOV  R30,R0
                 	.ENDM
                 
                 	.MACRO __GETD1SX
                 	MOVW R30,R28
                 	SUBI R30,LOW(-@0)
                 	SBCI R31,HIGH(-@0)
                 	LD   R0,Z+
                 	LD   R1,Z+
                 	LD   R22,Z+
                 	LD   R23,Z
                 	MOVW R30,R0
                 	.ENDM
                 
                 	.MACRO __GETB2SX
                 	MOVW R26,R28
                 	SUBI R26,LOW(-@0)
                 	SBCI R27,HIGH(-@0)
                 	LD   R26,X
                 	.ENDM
                 
                 	.MACRO __GETW2SX
                 	MOVW R26,R28
                 	SUBI R26,LOW(-@0)
                 	SBCI R27,HIGH(-@0)
                 	LD   R0,X+
                 	LD   R27,X
                 	MOV  R26,R0
                 	.ENDM
                 
                 	.MACRO __GETD2SX
                 	MOVW R26,R28
                 	SUBI R26,LOW(-@0)
                 	SBCI R27,HIGH(-@0)
                 	LD   R0,X+
                 	LD   R1,X+
                 	LD   R24,X+
                 	LD   R25,X
                 	MOVW R26,R0
                 	.ENDM
                 
                 	.MACRO __GETBRSX
                 	MOVW R30,R28
                 	SUBI R30,LOW(-@1)
                 	SBCI R31,HIGH(-@1)
                 	LD   R@0,Z
                 	.ENDM
                 
                 	.MACRO __GETWRSX
                 	MOVW R30,R28
                 	SUBI R30,LOW(-@2)
                 	SBCI R31,HIGH(-@2)
                 	LD   R@0,Z+
                 	LD   R@1,Z
                 	.ENDM
                 
                 	.MACRO __GETBRSX2
                 	MOVW R26,R28
                 	SUBI R26,LOW(-@1)
                 	SBCI R27,HIGH(-@1)
                 	LD   R@0,X
                 	.ENDM
                 
                 	.MACRO __GETWRSX2
                 	MOVW R26,R28
                 	SUBI R26,LOW(-@2)
                 	SBCI R27,HIGH(-@2)
                 	LD   R@0,X+
                 	LD   R@1,X
                 	.ENDM
                 
                 	.MACRO __LSLW8SX
                 	MOVW R30,R28
                 	SUBI R30,LOW(-@0)
                 	SBCI R31,HIGH(-@0)
                 	LD   R31,Z
                 	CLR  R30
                 	.ENDM
                 
                 	.MACRO __PUTB1SX
                 	MOVW R26,R28
                 	SUBI R26,LOW(-@0)
                 	SBCI R27,HIGH(-@0)
                 	ST   X,R30
                 	.ENDM
                 
                 	.MACRO __PUTW1SX
                 	MOVW R26,R28
                 	SUBI R26,LOW(-@0)
                 	SBCI R27,HIGH(-@0)
                 	ST   X+,R30
                 	ST   X,R31
                 	.ENDM
                 
                 	.MACRO __PUTD1SX
                 	MOVW R26,R28
                 	SUBI R26,LOW(-@0)
                 	SBCI R27,HIGH(-@0)
                 	ST   X+,R30
                 	ST   X+,R31
                 	ST   X+,R22
                 	ST   X,R23
                 	.ENDM
                 
                 	.MACRO __CLRW1SX
                 	MOVW R26,R28
                 	SUBI R26,LOW(-@0)
                 	SBCI R27,HIGH(-@0)
                 	ST   X+,R30
                 	ST   X,R30
                 	.ENDM
                 
                 	.MACRO __CLRD1SX
                 	MOVW R26,R28
                 	SUBI R26,LOW(-@0)
                 	SBCI R27,HIGH(-@0)
                 	ST   X+,R30
                 	ST   X+,R30
                 	ST   X+,R30
                 	ST   X,R30
                 	.ENDM
                 
                 	.MACRO __PUTB2SX
                 	MOVW R30,R28
                 	SUBI R30,LOW(-@0)
                 	SBCI R31,HIGH(-@0)
                 	ST   Z,R26
                 	.ENDM
                 
                 	.MACRO __PUTW2SX
                 	MOVW R30,R28
                 	SUBI R30,LOW(-@0)
                 	SBCI R31,HIGH(-@0)
                 	ST   Z+,R26
                 	ST   Z,R27
                 	.ENDM
                 
                 	.MACRO __PUTD2SX
                 	MOVW R30,R28
                 	SUBI R30,LOW(-@0)
                 	SBCI R31,HIGH(-@0)
                 	ST   Z+,R26
                 	ST   Z+,R27
                 	ST   Z+,R24
                 	ST   Z,R25
                 	.ENDM
                 
                 	.MACRO __PUTBSRX
                 	MOVW R30,R28
                 	SUBI R30,LOW(-@1)
                 	SBCI R31,HIGH(-@1)
                 	ST   Z,R@0
                 	.ENDM
                 
                 	.MACRO __PUTWSRX
                 	MOVW R30,R28
                 	SUBI R30,LOW(-@2)
                 	SBCI R31,HIGH(-@2)
                 	ST   Z+,R@0
                 	ST   Z,R@1
                 	.ENDM
                 
                 	.MACRO __PUTB1SNX
                 	MOVW R26,R28
                 	SUBI R26,LOW(-@0)
                 	SBCI R27,HIGH(-@0)
                 	LD   R0,X+
                 	LD   R27,X
                 	MOV  R26,R0
                 	SUBI R26,LOW(-@1)
                 	SBCI R27,HIGH(-@1)
                 	ST   X,R30
                 	.ENDM
                 
                 	.MACRO __PUTW1SNX
                 	MOVW R26,R28
                 	SUBI R26,LOW(-@0)
                 	SBCI R27,HIGH(-@0)
                 	LD   R0,X+
                 	LD   R27,X
                 	MOV  R26,R0
                 	SUBI R26,LOW(-@1)
                 	SBCI R27,HIGH(-@1)
                 	ST   X+,R30
                 	ST   X,R31
                 	.ENDM
                 
                 	.MACRO __PUTD1SNX
                 	MOVW R26,R28
                 	SUBI R26,LOW(-@0)
                 	SBCI R27,HIGH(-@0)
                 	LD   R0,X+
                 	LD   R27,X
                 	MOV  R26,R0
                 	SUBI R26,LOW(-@1)
                 	SBCI R27,HIGH(-@1)
                 	ST   X+,R30
                 	ST   X+,R31
                 	ST   X+,R22
                 	ST   X,R23
                 	.ENDM
                 
                 	.MACRO __MULBRR
                 	MULS R@0,R@1
                 	MOVW R30,R0
                 	.ENDM
                 
                 	.MACRO __MULBRRU
                 	MUL  R@0,R@1
                 	MOVW R30,R0
                 	.ENDM
                 
                 	.MACRO __MULBRR0
                 	MULS R@0,R@1
                 	.ENDM
                 
                 	.MACRO __MULBRRU0
                 	MUL  R@0,R@1
                 	.ENDM
                 
                 	.MACRO __MULBNWRU
                 	LDI  R26,@2
                 	MUL  R26,R@0
                 	MOVW R30,R0
                 	MUL  R26,R@1
                 	ADD  R31,R0
                 	.ENDM
                 
                 ;NAME DEFINITIONS FOR GLOBAL VARIABLES ALLOCATED TO REGISTERS
                 	.DEF _num=R4
                 	.DEF _num_msb=R5
                 	.DEF _container=R6
                 	.DEF _container_msb=R7
                 	.DEF _t0=R8
                 	.DEF _t0_msb=R9
                 	.DEF _t1=R10
                 	.DEF _t1_msb=R11
                 	.DEF _turn=R12
                 	.DEF _turn_msb=R13
                 
                 	.CSEG
                 	.ORG 0x00
                 
                 ;START OF CODE MARKER
                 __START_OF_CODE:
                 
                 ;INTERRUPT VECTORS
000000 940c 003c 	JMP  __RESET
000002 940c 0000 	JMP  0x00
000004 940c 0000 	JMP  0x00
000006 940c 0000 	JMP  0x00
000008 940c 0000 	JMP  0x00
00000a 940c 0000 	JMP  0x00
00000c 940c 0000 	JMP  0x00
00000e 940c 0000 	JMP  0x00
000010 940c 00bb 	JMP  _timer1_ovf_isr
000012 940c 0069 	JMP  _timer0_ovf_isr
000014 940c 0000 	JMP  0x00
000016 940c 0000 	JMP  0x00
000018 940c 0000 	JMP  0x00
00001a 940c 0000 	JMP  0x00
00001c 940c 0000 	JMP  0x00
00001e 940c 0000 	JMP  0x00
000020 940c 0000 	JMP  0x00
000022 940c 0000 	JMP  0x00
000024 940c 0000 	JMP  0x00
000026 940c 0000 	JMP  0x00
000028 940c 0000 	JMP  0x00
                 
                 ;GLOBAL REGISTER VARIABLES INITIALIZATION
                 __REG_VARS:
00002a 0000
00002b 0000      	.DB  0x0,0x0,0x0,0x0
00002c 0000
00002d 0000      	.DB  0x0,0x0,0x0,0x0
00002e 0000      	.DB  0x0,0x0
                 
                 _0x2020060:
D:\Micro\CV\7segment\4 digits\Debug\List\4d_7seg.asm(1135): warning: .cseg .db misalignment - padding zero byte
00002f 0001      	.DB  0x1
                 _0x2020000:
000030 4e2d
000031 4e41
000032 4900
000033 464e      	.DB  0x2D,0x4E,0x41,0x4E,0x0,0x49,0x4E,0x46
D:\Micro\CV\7segment\4 digits\Debug\List\4d_7seg.asm(1138): warning: .cseg .db misalignment - padding zero byte
000034 0000      	.DB  0x0
                 
                 __GLOBAL_INI_TBL:
000035 000a      	.DW  0x0A
000036 0004      	.DW  0x04
000037 0054      	.DW  __REG_VARS*2
                 
000038 0001      	.DW  0x01
000039 0160      	.DW  __seed_G101
00003a 005e      	.DW  _0x2020060*2
                 
                 _0xFFFFFFFF:
00003b 0000      	.DW  0
                 
                 #define __GLOBAL_INI_TBL_PRESENT 1
                 
                 __RESET:
00003c 94f8      	CLI
00003d 27ee      	CLR  R30
00003e bbec      	OUT  EECR,R30
                 
                 ;INTERRUPT VECTORS ARE PLACED
                 ;AT THE START OF FLASH
00003f e0f1      	LDI  R31,1
000040 bffb      	OUT  GICR,R31
000041 bfeb      	OUT  GICR,R30
000042 bfe5      	OUT  MCUCR,R30
                 
                 ;CLEAR R2-R14
000043 e08d      	LDI  R24,(14-2)+1
000044 e0a2      	LDI  R26,2
000045 27bb      	CLR  R27
                 __CLEAR_REG:
000046 93ed      	ST   X+,R30
000047 958a      	DEC  R24
000048 f7e9      	BRNE __CLEAR_REG
                 
                 ;CLEAR SRAM
000049 e080      	LDI  R24,LOW(__CLEAR_SRAM_SIZE)
00004a e094      	LDI  R25,HIGH(__CLEAR_SRAM_SIZE)
00004b e6a0      	LDI  R26,__SRAM_START
                 __CLEAR_SRAM:
00004c 93ed      	ST   X+,R30
00004d 9701      	SBIW R24,1
00004e f7e9      	BRNE __CLEAR_SRAM
                 
                 ;GLOBAL VARIABLES INITIALIZATION
00004f e6ea      	LDI  R30,LOW(__GLOBAL_INI_TBL*2)
000050 e0f0      	LDI  R31,HIGH(__GLOBAL_INI_TBL*2)
                 __GLOBAL_INI_NEXT:
000051 9185      	LPM  R24,Z+
000052 9195      	LPM  R25,Z+
000053 9700      	SBIW R24,0
000054 f061      	BREQ __GLOBAL_INI_END
000055 91a5      	LPM  R26,Z+
000056 91b5      	LPM  R27,Z+
000057 9005      	LPM  R0,Z+
000058 9015      	LPM  R1,Z+
000059 01bf      	MOVW R22,R30
00005a 01f0      	MOVW R30,R0
                 __GLOBAL_INI_LOOP:
00005b 9005      	LPM  R0,Z+
00005c 920d      	ST   X+,R0
00005d 9701      	SBIW R24,1
00005e f7e1      	BRNE __GLOBAL_INI_LOOP
00005f 01fb      	MOVW R30,R22
000060 cff0      	RJMP __GLOBAL_INI_NEXT
                 __GLOBAL_INI_END:
                 
                 ;HARDWARE STACK POINTER INITIALIZATION
000061 e5ef      	LDI  R30,LOW(__SRAM_END-__HEAP_SIZE)
000062 bfed      	OUT  SPL,R30
000063 e0e4      	LDI  R30,HIGH(__SRAM_END-__HEAP_SIZE)
000064 bfee      	OUT  SPH,R30
                 
                 ;DATA STACK POINTER INITIALIZATION
000065 e6c0      	LDI  R28,LOW(__SRAM_START+__DSTACK_SIZE)
000066 e0d1      	LDI  R29,HIGH(__SRAM_START+__DSTACK_SIZE)
                 
000067 940c 00dc 	JMP  _main
                 
                 	.ESEG
                 	.ORG 0
                 
                 	.DSEG
                 	.ORG 0x160
                 
                 	.CSEG
                 ;/*******************************************************
                 ;This program was created by the
                 ;CodeWizardAVR V3.12 Advanced
                 ;Automatic Program Generator
                 ;© Copyright 1998-2014 Pavel Haiduc, HP InfoTech s.r.l.
                 ;http://www.hpinfotech.com
                 ;
                 ;Project :
                 ;Version :
                 ;Date    : 1/24/2021
                 ;Author  :
                 ;Company :
                 ;Comments:
                 ;
                 ;
                 ;Chip type               : ATmega16
                 ;Program type            : Application
                 ;AVR Core Clock frequency: 12.000000 MHz
                 ;Memory model            : Small
                 ;External RAM size       : 0
                 ;Data Stack size         : 256
                 ;*******************************************************/
                 ;
                 ;#include <mega16.h>
                 	#ifndef __SLEEP_DEFINED__
                 	#define __SLEEP_DEFINED__
                 	.EQU __se_bit=0x40
                 	.EQU __sm_mask=0xB0
                 	.EQU __sm_powerdown=0x20
                 	.EQU __sm_powersave=0x30
                 	.EQU __sm_standby=0xA0
                 	.EQU __sm_ext_standby=0xB0
                 	.EQU __sm_adc_noise_red=0x10
                 	.SET power_ctrl_reg=mcucr
                 	#endif
                 ;#include <delay.h>
                 ;#include <math.h>
                 ;
                 ;int num = 0;
                 ;
                 ;
                 ;int container;
                 ;int t0 = 0;
                 ;int t1 = 0;
                 ;int turn = 0;
                 ;
                 ;
                 ;interrupt [TIM0_OVF]
                 ;
                 ;void timer0_ovf_isr(void) {
                 ; 0000 0027 void timer0_ovf_isr(void) {
                 
                 	.CSEG
                 _timer0_ovf_isr:
                 ; .FSTART _timer0_ovf_isr
000069 920a      	ST   -Y,R0
00006a 921a      	ST   -Y,R1
00006b 92fa      	ST   -Y,R15
00006c 936a      	ST   -Y,R22
00006d 937a      	ST   -Y,R23
00006e 938a      	ST   -Y,R24
00006f 939a      	ST   -Y,R25
000070 93aa      	ST   -Y,R26
000071 93ba      	ST   -Y,R27
000072 93ea      	ST   -Y,R30
000073 93fa      	ST   -Y,R31
000074 b7ef      	IN   R30,SREG
000075 93ea      	ST   -Y,R30
                 ; 0000 0028     t1++;
000076 01f5      	MOVW R30,R10
000077 9631      	ADIW R30,1
000078 015f      	MOVW R10,R30
                 ; 0000 0029 
                 ; 0000 002A     if (t1 == 2) {
000079 e0e2      	LDI  R30,LOW(2)
00007a e0f0      	LDI  R31,HIGH(2)
00007b 15ea      	CP   R30,R10
00007c 05fb      	CPC  R31,R11
00007d f569      	BRNE _0x3
                 ; 0000 002B         PORTC = pow(2, turn - 1);
                +
00007e e0e0     +LDI R30 , LOW ( 0x40000000 )
00007f e0f0     +LDI R31 , HIGH ( 0x40000000 )
000080 e060     +LDI R22 , BYTE3 ( 0x40000000 )
000081 e470     +LDI R23 , BYTE4 ( 0x40000000 )
                 	__GETD1N 0x40000000
000082 940e 02a5 	CALL SUBOPT_0x0
000084 940e 034d 	CALL __CFD1U
000086 bbe5      	OUT  0x15,R30
                 ; 0000 002C         container = num / pow(10, turn - 1);
                +
000087 e0e0     +LDI R30 , LOW ( 0x41200000 )
000088 e0f0     +LDI R31 , HIGH ( 0x41200000 )
000089 e260     +LDI R22 , BYTE3 ( 0x41200000 )
00008a e471     +LDI R23 , BYTE4 ( 0x41200000 )
                 	__GETD1N 0x41200000
00008b 940e 02a5 	CALL SUBOPT_0x0
00008d 01d2      	MOVW R26,R4
00008e 940e 04d4 	CALL __CWD2
000090 940e 051a 	CALL __CDF2
000092 940e 045e 	CALL __DIVF21
000094 940e 034f 	CALL __CFD1
000096 013f      	MOVW R6,R30
                 ; 0000 002D         container = container % 10;
000097 01d3      	MOVW R26,R6
000098 e0ea      	LDI  R30,LOW(10)
000099 e0f0      	LDI  R31,HIGH(10)
00009a 940e 04ec 	CALL __MODW21
00009c 013f      	MOVW R6,R30
                 ; 0000 002E         PORTD = container;
00009d ba62      	OUT  0x12,R6
                 ; 0000 002F         turn++;
00009e 01f6      	MOVW R30,R12
00009f 9631      	ADIW R30,1
0000a0 016f      	MOVW R12,R30
                 ; 0000 0030         if (turn > 4) {
0000a1 e0e4      	LDI  R30,LOW(4)
0000a2 e0f0      	LDI  R31,HIGH(4)
0000a3 15ec      	CP   R30,R12
0000a4 05fd      	CPC  R31,R13
0000a5 f41c      	BRGE _0x4
                 ; 0000 0031             turn = 1;
0000a6 e0e1      	LDI  R30,LOW(1)
0000a7 e0f0      	LDI  R31,HIGH(1)
0000a8 016f      	MOVW R12,R30
                 ; 0000 0032         }
                 ; 0000 0033         t1 = 0;
                 _0x4:
0000a9 24aa      	CLR  R10
0000aa 24bb      	CLR  R11
                 ; 0000 0034     }
                 ; 0000 0035 
                 ; 0000 0036     TCNT0 = 0x00;
                 _0x3:
0000ab e0e0      	LDI  R30,LOW(0)
0000ac bfe2      	OUT  0x32,R30
                 ; 0000 0037 }
0000ad 91e9      	LD   R30,Y+
0000ae bfef      	OUT  SREG,R30
0000af 91f9      	LD   R31,Y+
0000b0 91e9      	LD   R30,Y+
0000b1 91b9      	LD   R27,Y+
0000b2 91a9      	LD   R26,Y+
0000b3 9199      	LD   R25,Y+
0000b4 9189      	LD   R24,Y+
0000b5 9179      	LD   R23,Y+
0000b6 9169      	LD   R22,Y+
0000b7 90f9      	LD   R15,Y+
0000b8 9019      	LD   R1,Y+
0000b9 9009      	LD   R0,Y+
0000ba 9518      	RETI
                 ; .FEND
                 ;
                 ;
                 ;interrupt [TIM1_OVF]
                 ;
                 ;void timer1_ovf_isr(void) {
                 ; 0000 003C void timer1_ovf_isr(void) {
                 _timer1_ovf_isr:
                 ; .FSTART _timer1_ovf_isr
0000bb 93ea      	ST   -Y,R30
0000bc 93fa      	ST   -Y,R31
0000bd b7ef      	IN   R30,SREG
0000be 93ea      	ST   -Y,R30
                 ; 0000 003D     t0++;
0000bf 01f4      	MOVW R30,R8
0000c0 9631      	ADIW R30,1
0000c1 014f      	MOVW R8,R30
                 ; 0000 003E     if (t0 == 250) {
0000c2 efea      	LDI  R30,LOW(250)
0000c3 e0f0      	LDI  R31,HIGH(250)
0000c4 15e8      	CP   R30,R8
0000c5 05f9      	CPC  R31,R9
0000c6 f461      	BRNE _0x5
                 ; 0000 003F         if (num > 9999) {
0000c7 e0ef      	LDI  R30,LOW(9999)
0000c8 e2f7      	LDI  R31,HIGH(9999)
0000c9 15e4      	CP   R30,R4
0000ca 05f5      	CPC  R31,R5
0000cb f414      	BRGE _0x6
                 ; 0000 0040             num = 0;
0000cc 2444      	CLR  R4
0000cd 2455      	CLR  R5
                 ; 0000 0041         }
                 ; 0000 0042         num++;
                 _0x6:
0000ce 01f2      	MOVW R30,R4
0000cf 9631      	ADIW R30,1
0000d0 012f      	MOVW R4,R30
                 ; 0000 0043         t0 = 0;
0000d1 2488      	CLR  R8
0000d2 2499      	CLR  R9
                 ; 0000 0044     }
                 ; 0000 0045 
                 ; 0000 0046     TCNT1H = 0xFF;
                 _0x5:
0000d3 efef      	LDI  R30,LOW(255)
0000d4 bded      	OUT  0x2D,R30
                 ; 0000 0047     TCNT1L = 0xF0;
0000d5 efe0      	LDI  R30,LOW(240)
0000d6 bdec      	OUT  0x2C,R30
                 ; 0000 0048 }
0000d7 91e9      	LD   R30,Y+
0000d8 bfef      	OUT  SREG,R30
0000d9 91f9      	LD   R31,Y+
0000da 91e9      	LD   R30,Y+
0000db 9518      	RETI
                 ; .FEND
                 ;
                 ;void main(void) {
                 ; 0000 004A void main(void) {
                 _main:
                 ; .FSTART _main
                 ; 0000 004B     DDRD = 0xff;
0000dc efef      	LDI  R30,LOW(255)
0000dd bbe1      	OUT  0x11,R30
                 ; 0000 004C     PORTD = 0xff;
0000de bbe2      	OUT  0x12,R30
                 ; 0000 004D 
                 ; 0000 004E     DDRC = 0xff;
0000df bbe4      	OUT  0x14,R30
                 ; 0000 004F     PORTC = 0xff;
0000e0 bbe5      	OUT  0x15,R30
                 ; 0000 0050 
                 ; 0000 0051     TIMSK = (0 << OCIE2) | (0 << TOIE2) | (0 << TICIE1) | (0 << OCIE1A) | (0 << OCIE1B) | (1 << TOIE1) | (0 << OCIE0) |
                 ; 0000 0052             (1 << TOIE0);
0000e1 e0e5      	LDI  R30,LOW(5)
0000e2 bfe9      	OUT  0x39,R30
                 ; 0000 0053 
                 ; 0000 0054     TCCR0 = (0 << WGM00) | (0 << COM01) | (0 << COM00) | (0 << WGM01) | (1 << CS02) | (0 << CS01) | (1 << CS00);
0000e3 bfe3      	OUT  0x33,R30
                 ; 0000 0055     TCCR1B = (0 << ICNC1) | (0 << ICES1) | (0 << WGM13) | (0 << WGM12) | (1 << CS12) | (0 << CS11) | (1 << CS10);
0000e4 bdee      	OUT  0x2E,R30
                 ; 0000 0056 
                 ; 0000 0057     TCNT1H = 0xFF;
0000e5 efef      	LDI  R30,LOW(255)
0000e6 bded      	OUT  0x2D,R30
                 ; 0000 0058     TCNT1L = 0xF0;
0000e7 efe0      	LDI  R30,LOW(240)
0000e8 bdec      	OUT  0x2C,R30
                 ; 0000 0059 
                 ; 0000 005A     MCUCR = (0 << ISC11) | (0 << ISC10) | (0 << ISC01) | (0 << ISC00);
0000e9 e0e0      	LDI  R30,LOW(0)
0000ea bfe5      	OUT  0x35,R30
                 ; 0000 005B     MCUCSR = (0 << ISC2);
0000eb bfe4      	OUT  0x34,R30
                 ; 0000 005C 
                 ; 0000 005D #asm("sei")
0000ec 9478      	sei
                 ; 0000 005E 
                 ; 0000 005F     while (1) {
                 _0x7:
                 ; 0000 0060 
                 ; 0000 0061     }
0000ed cfff      	RJMP _0x7
                 ; 0000 0062 }
                 _0xA:
0000ee cfff      	RJMP _0xA
                 ; .FEND
                 
                 	.CSEG
                 _ftrunc:
                 ; .FSTART _ftrunc
0000ef 940e 0513 	CALL __PUTPARD2
0000f1 817b         ldd  r23,y+3
0000f2 816a         ldd  r22,y+2
0000f3 81f9         ldd  r31,y+1
0000f4 81e8         ld   r30,y
0000f5 fb77         bst  r23,7
0000f6 0f77         lsl  r23
0000f7 fd67         sbrc r22,7
0000f8 6071         sbr  r23,1
0000f9 2f97         mov  r25,r23
0000fa 579e         subi r25,0x7e
0000fb f081         breq __ftrunc0
0000fc f078         brcs __ftrunc0
0000fd 3198         cpi  r25,24
0000fe f490         brsh __ftrunc1
0000ff 27aa         clr  r26
000100 27bb         clr  r27
000101 2788         clr  r24
                 __ftrunc2:
000102 9408         sec
000103 9587         ror  r24
000104 95b7         ror  r27
000105 95a7         ror  r26
000106 959a         dec  r25
000107 f7d1         brne __ftrunc2
000108 23ea         and  r30,r26
000109 23fb         and  r31,r27
00010a 2368         and  r22,r24
00010b c005         rjmp __ftrunc1
                 __ftrunc0:
00010c 94e8         clt
00010d 2777         clr  r23
00010e 27ee         clr  r30
00010f 27ff         clr  r31
000110 2766         clr  r22
                 __ftrunc1:
000111 776f         cbr  r22,0x80
000112 9576         lsr  r23
000113 f408         brcc __ftrunc3
000114 6860         sbr  r22,0x80
                 __ftrunc3:
000115 f977         bld  r23,7
000116 91a9         ld   r26,y+
000117 91b9         ld   r27,y+
000118 9189         ld   r24,y+
000119 9199         ld   r25,y+
00011a 17ea         cp   r30,r26
00011b 07fb         cpc  r31,r27
00011c 0768         cpc  r22,r24
00011d 0779         cpc  r23,r25
00011e fb97         bst  r25,7
00011f 9508         ret
                 ; .FEND
                 _floor:
                 ; .FSTART _floor
000120 940e 0513 	CALL __PUTPARD2
000122 940e 0504 	CALL __GETD2S0
000124 940e 00ef 	CALL _ftrunc
000126 940e 0509 	CALL __PUTD1S0
000128 f419          brne __floor1
                 __floor0:
000129 940e 02b1 	CALL SUBOPT_0x1
00012b c005      	RJMP _0x2080004
                 __floor1:
00012c f7e6          brtc __floor0
00012d 940e 02b1 	CALL SUBOPT_0x1
00012f 940e 02b4 	CALL SUBOPT_0x2
                 _0x2080004:
000131 9624      	ADIW R28,4
000132 9508      	RET
                 ; .FEND
                 _log:
                 ; .FSTART _log
000133 940e 0513 	CALL __PUTPARD2
000135 9724      	SBIW R28,4
000136 931a      	ST   -Y,R17
000137 930a      	ST   -Y,R16
000138 940e 02bb 	CALL SUBOPT_0x3
00013a 940e 052e 	CALL __CPD02
00013c f02c      	BRLT _0x200000C
                +
00013d efef     +LDI R30 , LOW ( 0xFF7FFFFF )
00013e efff     +LDI R31 , HIGH ( 0xFF7FFFFF )
00013f e76f     +LDI R22 , BYTE3 ( 0xFF7FFFFF )
000140 ef7f     +LDI R23 , BYTE4 ( 0xFF7FFFFF )
                 	__GETD1N 0xFF7FFFFF
000141 c073      	RJMP _0x2080003
                 _0x200000C:
000142 940e 02c0 	CALL SUBOPT_0x4
000144 940e 050e 	CALL __PUTPARD1
000146 b7ad      	IN   R26,SPL
000147 b7be      	IN   R27,SPH
000148 9711      	SBIW R26,1
000149 931f      	PUSH R17
00014a 930f      	PUSH R16
00014b 940e 02fd 	CALL _frexp
00014d 910f      	POP  R16
00014e 911f      	POP  R17
00014f 940e 02c5 	CALL SUBOPT_0x5
000151 940e 02bb 	CALL SUBOPT_0x3
                +
000153 efe3     +LDI R30 , LOW ( 0x3F3504F3 )
000154 e0f4     +LDI R31 , HIGH ( 0x3F3504F3 )
000155 e365     +LDI R22 , BYTE3 ( 0x3F3504F3 )
000156 e37f     +LDI R23 , BYTE4 ( 0x3F3504F3 )
                 	__GETD1N 0x3F3504F3
000157 940e 04a3 	CALL __CMPF12
000159 f440      	BRSH _0x200000D
00015a 940e 02ca 	CALL SUBOPT_0x6
00015c 940e 03c0 	CALL __ADDF12
00015e 940e 02c5 	CALL SUBOPT_0x5
                +
000160 5001     +SUBI R16 , LOW ( 1 )
000161 4010     +SBCI R17 , HIGH ( 1 )
                 	__SUBWRN 16,17,1
                 _0x200000D:
000162 940e 02c0 	CALL SUBOPT_0x4
000164 940e 02b4 	CALL SUBOPT_0x2
000166 937f      	PUSH R23
000167 936f      	PUSH R22
000168 93ff      	PUSH R31
000169 93ef      	PUSH R30
00016a 940e 02c0 	CALL SUBOPT_0x4
                +
00016c e0a0     +LDI R26 , LOW ( 0x3F800000 )
00016d e0b0     +LDI R27 , HIGH ( 0x3F800000 )
00016e e880     +LDI R24 , BYTE3 ( 0x3F800000 )
00016f e39f     +LDI R25 , BYTE4 ( 0x3F800000 )
                 	__GETD2N 0x3F800000
000170 940e 03c0 	CALL __ADDF12
000172 91af      	POP  R26
000173 91bf      	POP  R27
000174 918f      	POP  R24
000175 919f      	POP  R25
000176 940e 045e 	CALL __DIVF21
000178 940e 02c5 	CALL SUBOPT_0x5
00017a 940e 02ca 	CALL SUBOPT_0x6
00017c 940e 02cc 	CALL SUBOPT_0x7
                +
00017e e2a6     +LDI R26 , LOW ( 0x3F654226 )
00017f e4b2     +LDI R27 , HIGH ( 0x3F654226 )
000180 e685     +LDI R24 , BYTE3 ( 0x3F654226 )
000181 e39f     +LDI R25 , BYTE4 ( 0x3F654226 )
                 	__GETD2N 0x3F654226
000182 940e 02d3 	CALL SUBOPT_0x8
                +
000184 e4ee     +LDI R30 , LOW ( 0x4054114E )
000185 e1f1     +LDI R31 , HIGH ( 0x4054114E )
000186 e564     +LDI R22 , BYTE3 ( 0x4054114E )
000187 e470     +LDI R23 , BYTE4 ( 0x4054114E )
                 	__GETD1N 0x4054114E
000188 940e 02d8 	CALL SUBOPT_0x9
00018a 940e 02bb 	CALL SUBOPT_0x3
00018c 940e 0410 	CALL __MULF12
00018e 937f      	PUSH R23
00018f 936f      	PUSH R22
000190 93ff      	PUSH R31
000191 93ef      	PUSH R30
000192 940e 02dd 	CALL SUBOPT_0xA
                +
000194 e4ad     +LDI R26 , LOW ( 0x3FD4114D )
000195 e1b1     +LDI R27 , HIGH ( 0x3FD4114D )
000196 ed84     +LDI R24 , BYTE3 ( 0x3FD4114D )
000197 e39f     +LDI R25 , BYTE4 ( 0x3FD4114D )
                 	__GETD2N 0x3FD4114D
000198 940e 03b9 	CALL __SUBF12
00019a 91af      	POP  R26
00019b 91bf      	POP  R27
00019c 918f      	POP  R24
00019d 919f      	POP  R25
00019e 940e 045e 	CALL __DIVF21
0001a0 937f      	PUSH R23
0001a1 936f      	PUSH R22
0001a2 93ff      	PUSH R31
0001a3 93ef      	PUSH R30
0001a4 01f8      	MOVW R30,R16
0001a5 940e 04cf 	CALL __CWD1
0001a7 940e 0386 	CALL __CDF1
                +
0001a9 e1a8     +LDI R26 , LOW ( 0x3F317218 )
0001aa e7b2     +LDI R27 , HIGH ( 0x3F317218 )
0001ab e381     +LDI R24 , BYTE3 ( 0x3F317218 )
0001ac e39f     +LDI R25 , BYTE4 ( 0x3F317218 )
                 	__GETD2N 0x3F317218
0001ad 940e 0410 	CALL __MULF12
0001af 91af      	POP  R26
0001b0 91bf      	POP  R27
0001b1 918f      	POP  R24
0001b2 919f      	POP  R25
0001b3 940e 03c0 	CALL __ADDF12
                 _0x2080003:
0001b5 8119      	LDD  R17,Y+1
0001b6 8108      	LDD  R16,Y+0
0001b7 962a      	ADIW R28,10
0001b8 9508      	RET
                 ; .FEND
                 _exp:
                 ; .FSTART _exp
0001b9 940e 0513 	CALL __PUTPARD2
0001bb 9728      	SBIW R28,8
0001bc 931a      	ST   -Y,R17
0001bd 930a      	ST   -Y,R16
0001be 940e 02e2 	CALL SUBOPT_0xB
                +
0001c0 e5e0     +LDI R30 , LOW ( 0xC2AEAC50 )
0001c1 eafc     +LDI R31 , HIGH ( 0xC2AEAC50 )
0001c2 ea6e     +LDI R22 , BYTE3 ( 0xC2AEAC50 )
0001c3 ec72     +LDI R23 , BYTE4 ( 0xC2AEAC50 )
                 	__GETD1N 0xC2AEAC50
0001c4 940e 04a3 	CALL __CMPF12
0001c6 f418      	BRSH _0x200000F
0001c7 940e 02e7 	CALL SUBOPT_0xC
0001c9 c085      	RJMP _0x2080002
                 _0x200000F:
                +
0001ca 85ea     +LDD R30 , Y + 10
0001cb 85fb     +LDD R31 , Y + 10 + 1
0001cc 856c     +LDD R22 , Y + 10 + 2
0001cd 857d     +LDD R23 , Y + 10 + 3
                 	__GETD1S 10
0001ce 940e 052a 	CALL __CPD10
0001d0 f429      	BRNE _0x2000010
                +
0001d1 e0e0     +LDI R30 , LOW ( 0x3F800000 )
0001d2 e0f0     +LDI R31 , HIGH ( 0x3F800000 )
0001d3 e860     +LDI R22 , BYTE3 ( 0x3F800000 )
0001d4 e37f     +LDI R23 , BYTE4 ( 0x3F800000 )
                 	__GETD1N 0x3F800000
0001d5 c079      	RJMP _0x2080002
                 _0x2000010:
0001d6 940e 02e2 	CALL SUBOPT_0xB
                +
0001d8 e1e8     +LDI R30 , LOW ( 0x42B17218 )
0001d9 e7f2     +LDI R31 , HIGH ( 0x42B17218 )
0001da eb61     +LDI R22 , BYTE3 ( 0x42B17218 )
0001db e472     +LDI R23 , BYTE4 ( 0x42B17218 )
                 	__GETD1N 0x42B17218
0001dc 940e 04a3 	CALL __CMPF12
0001de f009      	BREQ PC+2
0001df f408      	BRCC PC+2
0001e0 c005      	RJMP _0x2000011
                +
0001e1 efef     +LDI R30 , LOW ( 0x7F7FFFFF )
0001e2 efff     +LDI R31 , HIGH ( 0x7F7FFFFF )
0001e3 e76f     +LDI R22 , BYTE3 ( 0x7F7FFFFF )
0001e4 e77f     +LDI R23 , BYTE4 ( 0x7F7FFFFF )
                 	__GETD1N 0x7F7FFFFF
0001e5 c069      	RJMP _0x2080002
                 _0x2000011:
0001e6 940e 02e2 	CALL SUBOPT_0xB
                +
0001e8 e3eb     +LDI R30 , LOW ( 0x3FB8AA3B )
0001e9 eafa     +LDI R31 , HIGH ( 0x3FB8AA3B )
0001ea eb68     +LDI R22 , BYTE3 ( 0x3FB8AA3B )
0001eb e37f     +LDI R23 , BYTE4 ( 0x3FB8AA3B )
                 	__GETD1N 0x3FB8AA3B
0001ec 940e 0410 	CALL __MULF12
                +
0001ee 87ea     +STD Y + 10 , R30
0001ef 87fb     +STD Y + 10 + 1 , R31
0001f0 876c     +STD Y + 10 + 2 , R22
0001f1 877d     +STD Y + 10 + 3 , R23
                 	__PUTD1S 10
0001f2 940e 02e2 	CALL SUBOPT_0xB
0001f4 df2b      	RCALL _floor
0001f5 940e 034f 	CALL __CFD1
0001f7 018f      	MOVW R16,R30
0001f8 940e 02e2 	CALL SUBOPT_0xB
0001fa 940e 04cf 	CALL __CWD1
0001fc 940e 0386 	CALL __CDF1
0001fe 940e 02d8 	CALL SUBOPT_0x9
000200 01df      	MOVW R26,R30
000201 01cb      	MOVW R24,R22
                +
000202 e0e0     +LDI R30 , LOW ( 0x3F000000 )
000203 e0f0     +LDI R31 , HIGH ( 0x3F000000 )
000204 e060     +LDI R22 , BYTE3 ( 0x3F000000 )
000205 e37f     +LDI R23 , BYTE4 ( 0x3F000000 )
                 	__GETD1N 0x3F000000
000206 940e 02d8 	CALL SUBOPT_0x9
000208 940e 02c5 	CALL SUBOPT_0x5
00020a 940e 02ca 	CALL SUBOPT_0x6
00020c 940e 02cc 	CALL SUBOPT_0x7
                +
00020e e6ad     +LDI R26 , LOW ( 0x3D6C4C6D )
00020f e4bc     +LDI R27 , HIGH ( 0x3D6C4C6D )
000210 e68c     +LDI R24 , BYTE3 ( 0x3D6C4C6D )
000211 e39d     +LDI R25 , BYTE4 ( 0x3D6C4C6D )
                 	__GETD2N 0x3D6C4C6D
000212 940e 0410 	CALL __MULF12
                +
000214 eaa6     +LDI R26 , LOW ( 0x40E6E3A6 )
000215 eeb3     +LDI R27 , HIGH ( 0x40E6E3A6 )
000216 ee86     +LDI R24 , BYTE3 ( 0x40E6E3A6 )
000217 e490     +LDI R25 , BYTE4 ( 0x40E6E3A6 )
                 	__GETD2N 0x40E6E3A6
000218 940e 03c0 	CALL __ADDF12
00021a 940e 02bb 	CALL SUBOPT_0x3
00021c 940e 0410 	CALL __MULF12
00021e 940e 02c5 	CALL SUBOPT_0x5
000220 940e 02dd 	CALL SUBOPT_0xA
                +
000222 e2a8     +LDI R26 , LOW ( 0x41A68D28 )
000223 e8bd     +LDI R27 , HIGH ( 0x41A68D28 )
000224 ea86     +LDI R24 , BYTE3 ( 0x41A68D28 )
000225 e491     +LDI R25 , BYTE4 ( 0x41A68D28 )
                 	__GETD2N 0x41A68D28
000226 940e 03c0 	CALL __ADDF12
                +
000228 83ea     +STD Y + 2 , R30
000229 83fb     +STD Y + 2 + 1 , R31
00022a 836c     +STD Y + 2 + 2 , R22
00022b 837d     +STD Y + 2 + 3 , R23
                 	__PUTD1S 2
00022c 940e 02c0 	CALL SUBOPT_0x4
                +
00022e 81aa     +LDD R26 , Y + 2
00022f 81bb     +LDD R27 , Y + 2 + 1
000230 818c     +LDD R24 , Y + 2 + 2
000231 819d     +LDD R25 , Y + 2 + 3
                 	__GETD2S 2
000232 940e 03c0 	CALL __ADDF12
                +
000234 efa3     +LDI R26 , LOW ( 0x3FB504F3 )
000235 e0b4     +LDI R27 , HIGH ( 0x3FB504F3 )
000236 eb85     +LDI R24 , BYTE3 ( 0x3FB504F3 )
000237 e39f     +LDI R25 , BYTE4 ( 0x3FB504F3 )
                 	__GETD2N 0x3FB504F3
000238 940e 0410 	CALL __MULF12
00023a 937f      	PUSH R23
00023b 936f      	PUSH R22
00023c 93ff      	PUSH R31
00023d 93ef      	PUSH R30
00023e 940e 02bb 	CALL SUBOPT_0x3
000240 940e 02dd 	CALL SUBOPT_0xA
000242 940e 03b9 	CALL __SUBF12
000244 91af      	POP  R26
000245 91bf      	POP  R27
000246 918f      	POP  R24
000247 919f      	POP  R25
000248 940e 045e 	CALL __DIVF21
00024a 940e 050e 	CALL __PUTPARD1
00024c 01d8      	MOVW R26,R16
00024d 940e 030e 	CALL _ldexp
                 _0x2080002:
00024f 8119      	LDD  R17,Y+1
000250 8108      	LDD  R16,Y+0
000251 962e      	ADIW R28,14
000252 9508      	RET
                 ; .FEND
                 _pow:
                 ; .FSTART _pow
000253 940e 0513 	CALL __PUTPARD2
000255 9724      	SBIW R28,4
000256 940e 02ec 	CALL SUBOPT_0xD
000258 940e 052a 	CALL __CPD10
00025a f419      	BRNE _0x2000012
00025b 940e 02e7 	CALL SUBOPT_0xC
00025d c045      	RJMP _0x2080001
                 _0x2000012:
                +
00025e 85a8     +LDD R26 , Y + 8
00025f 85b9     +LDD R27 , Y + 8 + 1
000260 858a     +LDD R24 , Y + 8 + 2
000261 859b     +LDD R25 , Y + 8 + 3
                 	__GETD2S 8
000262 940e 052e 	CALL __CPD02
000264 f494      	BRGE _0x2000013
000265 940e 02f1 	CALL SUBOPT_0xE
000267 940e 052a 	CALL __CPD10
000269 f429      	BRNE _0x2000014
                +
00026a e0e0     +LDI R30 , LOW ( 0x3F800000 )
00026b e0f0     +LDI R31 , HIGH ( 0x3F800000 )
00026c e860     +LDI R22 , BYTE3 ( 0x3F800000 )
00026d e37f     +LDI R23 , BYTE4 ( 0x3F800000 )
                 	__GETD1N 0x3F800000
00026e c034      	RJMP _0x2080001
                 _0x2000014:
                +
00026f 85a8     +LDD R26 , Y + 8
000270 85b9     +LDD R27 , Y + 8 + 1
000271 858a     +LDD R24 , Y + 8 + 2
000272 859b     +LDD R25 , Y + 8 + 3
                 	__GETD2S 8
000273 940e 02f6 	CALL SUBOPT_0xF
000275 df43      	RCALL _exp
000276 c02c      	RJMP _0x2080001
                 _0x2000013:
000277 940e 02f1 	CALL SUBOPT_0xE
000279 01de      	MOVW R26,R28
00027a 940e 034f 	CALL __CFD1
00027c 940e 04fa 	CALL __PUTDP1
00027e 940e 02b1 	CALL SUBOPT_0x1
000280 940e 0386 	CALL __CDF1
000282 01df      	MOVW R26,R30
000283 01cb      	MOVW R24,R22
000284 940e 02f1 	CALL SUBOPT_0xE
000286 940e 0534 	CALL __CPD12
000288 f019      	BREQ _0x2000015
000289 940e 02e7 	CALL SUBOPT_0xC
00028b c017      	RJMP _0x2080001
                 _0x2000015:
00028c 940e 02ec 	CALL SUBOPT_0xD
00028e 940e 031a 	CALL __ANEGF1
000290 01df      	MOVW R26,R30
000291 01cb      	MOVW R24,R22
000292 940e 02f6 	CALL SUBOPT_0xF
000294 df24      	RCALL _exp
                +
000295 87e8     +STD Y + 8 , R30
000296 87f9     +STD Y + 8 + 1 , R31
000297 876a     +STD Y + 8 + 2 , R22
000298 877b     +STD Y + 8 + 3 , R23
                 	__PUTD1S 8
000299 81e8      	LD   R30,Y
00029a 70e1      	ANDI R30,LOW(0x1)
00029b f419      	BRNE _0x2000016
00029c 940e 02ec 	CALL SUBOPT_0xD
00029e c004      	RJMP _0x2080001
                 _0x2000016:
00029f 940e 02ec 	CALL SUBOPT_0xD
0002a1 940e 031a 	CALL __ANEGF1
                 _0x2080001:
0002a3 962c      	ADIW R28,12
0002a4 9508      	RET
                 ; .FEND
                 
                 	.CSEG
                 
                 	.DSEG
                 
                 	.CSEG
                 
                 	.CSEG
                 
                 	.CSEG
                 
                 	.DSEG
                 __seed_G101:
000160           	.BYTE 0x4
                 
                 	.CSEG
                 ;OPTIMIZER ADDED SUBROUTINE, CALLED 2 TIMES, CODE SIZE REDUCTION:7 WORDS
                 SUBOPT_0x0:
0002a5 940e 050e 	CALL __PUTPARD1
0002a7 01f6      	MOVW R30,R12
0002a8 9731      	SBIW R30,1
0002a9 940e 04cf 	CALL __CWD1
0002ab 940e 0386 	CALL __CDF1
0002ad 01df      	MOVW R26,R30
0002ae 01cb      	MOVW R24,R22
0002af 940c 0253 	JMP  _pow
                 
                 ;OPTIMIZER ADDED SUBROUTINE, CALLED 3 TIMES, CODE SIZE REDUCTION:1 WORDS
                 SUBOPT_0x1:
0002b1 940e 04ff 	CALL __GETD1S0
0002b3 9508      	RET
                 
                 ;OPTIMIZER ADDED SUBROUTINE, CALLED 2 TIMES, CODE SIZE REDUCTION:1 WORDS
                 SUBOPT_0x2:
                +
0002b4 e0a0     +LDI R26 , LOW ( 0x3F800000 )
0002b5 e0b0     +LDI R27 , HIGH ( 0x3F800000 )
0002b6 e880     +LDI R24 , BYTE3 ( 0x3F800000 )
0002b7 e39f     +LDI R25 , BYTE4 ( 0x3F800000 )
                 	__GETD2N 0x3F800000
0002b8 940e 03b9 	CALL __SUBF12
0002ba 9508      	RET
                 
                 ;OPTIMIZER ADDED SUBROUTINE, CALLED 8 TIMES, CODE SIZE REDUCTION:11 WORDS
                 SUBOPT_0x3:
                +
0002bb 81ae     +LDD R26 , Y + 6
0002bc 81bf     +LDD R27 , Y + 6 + 1
0002bd 8588     +LDD R24 , Y + 6 + 2
0002be 8599     +LDD R25 , Y + 6 + 3
                 	__GETD2S 6
0002bf 9508      	RET
                 
                 ;OPTIMIZER ADDED SUBROUTINE, CALLED 7 TIMES, CODE SIZE REDUCTION:9 WORDS
                 SUBOPT_0x4:
                +
0002c0 81ee     +LDD R30 , Y + 6
0002c1 81ff     +LDD R31 , Y + 6 + 1
0002c2 8568     +LDD R22 , Y + 6 + 2
0002c3 8579     +LDD R23 , Y + 6 + 3
                 	__GETD1S 6
0002c4 9508      	RET
                 
                 ;OPTIMIZER ADDED SUBROUTINE, CALLED 5 TIMES, CODE SIZE REDUCTION:5 WORDS
                 SUBOPT_0x5:
                +
0002c5 83ee     +STD Y + 6 , R30
0002c6 83ff     +STD Y + 6 + 1 , R31
0002c7 8768     +STD Y + 6 + 2 , R22
0002c8 8779     +STD Y + 6 + 3 , R23
                 	__PUTD1S 6
0002c9 9508      	RET
                 
                 ;OPTIMIZER ADDED SUBROUTINE, CALLED 3 TIMES, CODE SIZE REDUCTION:1 WORDS
                 SUBOPT_0x6:
0002ca dff5      	RCALL SUBOPT_0x4
0002cb cfef      	RJMP SUBOPT_0x3
                 
                 ;OPTIMIZER ADDED SUBROUTINE, CALLED 2 TIMES, CODE SIZE REDUCTION:5 WORDS
                 SUBOPT_0x7:
0002cc 940e 0410 	CALL __MULF12
                +
0002ce 83ea     +STD Y + 2 , R30
0002cf 83fb     +STD Y + 2 + 1 , R31
0002d0 836c     +STD Y + 2 + 2 , R22
0002d1 837d     +STD Y + 2 + 3 , R23
                 	__PUTD1S 2
0002d2 9508      	RET
                 
                 ;OPTIMIZER ADDED SUBROUTINE, CALLED 3 TIMES, CODE SIZE REDUCTION:1 WORDS
                 SUBOPT_0x8:
0002d3 940e 0410 	CALL __MULF12
0002d5 01df      	MOVW R26,R30
0002d6 01cb      	MOVW R24,R22
0002d7 9508      	RET
                 
                 ;OPTIMIZER ADDED SUBROUTINE, CALLED 3 TIMES, CODE SIZE REDUCTION:1 WORDS
                 SUBOPT_0x9:
0002d8 940e 051d 	CALL __SWAPD12
0002da 940e 03b9 	CALL __SUBF12
0002dc 9508      	RET
                 
                 ;OPTIMIZER ADDED SUBROUTINE, CALLED 3 TIMES, CODE SIZE REDUCTION:1 WORDS
                 SUBOPT_0xA:
                +
0002dd 81ea     +LDD R30 , Y + 2
0002de 81fb     +LDD R31 , Y + 2 + 1
0002df 816c     +LDD R22 , Y + 2 + 2
0002e0 817d     +LDD R23 , Y + 2 + 3
                 	__GETD1S 2
0002e1 9508      	RET
                 
                 ;OPTIMIZER ADDED SUBROUTINE, CALLED 5 TIMES, CODE SIZE REDUCTION:5 WORDS
                 SUBOPT_0xB:
                +
0002e2 85aa     +LDD R26 , Y + 10
0002e3 85bb     +LDD R27 , Y + 10 + 1
0002e4 858c     +LDD R24 , Y + 10 + 2
0002e5 859d     +LDD R25 , Y + 10 + 3
                 	__GETD2S 10
0002e6 9508      	RET
                 
                 ;OPTIMIZER ADDED SUBROUTINE, CALLED 3 TIMES, CODE SIZE REDUCTION:1 WORDS
                 SUBOPT_0xC:
                +
0002e7 e0e0     +LDI R30 , LOW ( 0x0 )
0002e8 e0f0     +LDI R31 , HIGH ( 0x0 )
0002e9 e060     +LDI R22 , BYTE3 ( 0x0 )
0002ea e070     +LDI R23 , BYTE4 ( 0x0 )
                 	__GETD1N 0x0
0002eb 9508      	RET
                 
                 ;OPTIMIZER ADDED SUBROUTINE, CALLED 4 TIMES, CODE SIZE REDUCTION:3 WORDS
                 SUBOPT_0xD:
                +
0002ec 85e8     +LDD R30 , Y + 8
0002ed 85f9     +LDD R31 , Y + 8 + 1
0002ee 856a     +LDD R22 , Y + 8 + 2
0002ef 857b     +LDD R23 , Y + 8 + 3
                 	__GETD1S 8
0002f0 9508      	RET
                 
                 ;OPTIMIZER ADDED SUBROUTINE, CALLED 3 TIMES, CODE SIZE REDUCTION:1 WORDS
                 SUBOPT_0xE:
                +
0002f1 81ec     +LDD R30 , Y + 4
0002f2 81fd     +LDD R31 , Y + 4 + 1
0002f3 816e     +LDD R22 , Y + 4 + 2
0002f4 817f     +LDD R23 , Y + 4 + 3
                 	__GETD1S 4
0002f5 9508      	RET
                 
                 ;OPTIMIZER ADDED SUBROUTINE, CALLED 2 TIMES, CODE SIZE REDUCTION:3 WORDS
                 SUBOPT_0xF:
0002f6 940e 0133 	CALL _log
                +
0002f8 81ac     +LDD R26 , Y + 4
0002f9 81bd     +LDD R27 , Y + 4 + 1
0002fa 818e     +LDD R24 , Y + 4 + 2
0002fb 819f     +LDD R25 , Y + 4 + 3
                 	__GETD2S 4
0002fc cfd6      	RJMP SUBOPT_0x8
                 
                 
                 	.CSEG
                 _frexp:
0002fd 91e9      	LD   R30,Y+
0002fe 91f9      	LD   R31,Y+
0002ff 9169      	LD   R22,Y+
000300 9179      	LD   R23,Y+
000301 fb77      	BST  R23,7
000302 0f66      	LSL  R22
000303 1f77      	ROL  R23
000304 2788      	CLR  R24
000305 577e      	SUBI R23,0x7E
000306 0b88      	SBC  R24,R24
000307 937d      	ST   X+,R23
000308 938c      	ST   X,R24
000309 e77e      	LDI  R23,0x7E
00030a 9576      	LSR  R23
00030b 9567      	ROR  R22
00030c f06e      	BRTS __ANEGF1
00030d 9508      	RET
                 
                 _ldexp:
00030e 91e9      	LD   R30,Y+
00030f 91f9      	LD   R31,Y+
000310 9169      	LD   R22,Y+
000311 9179      	LD   R23,Y+
000312 fb77      	BST  R23,7
000313 0f66      	LSL  R22
000314 1f77      	ROL  R23
000315 0f7a      	ADD  R23,R26
000316 9576      	LSR  R23
000317 9567      	ROR  R22
000318 f00e      	BRTS __ANEGF1
000319 9508      	RET
                 
                 __ANEGF1:
00031a 9730      	SBIW R30,0
00031b 4060      	SBCI R22,0
00031c 4070      	SBCI R23,0
00031d f009      	BREQ __ANEGF10
00031e 5870      	SUBI R23,0x80
                 __ANEGF10:
00031f 9508      	RET
                 
                 __ROUND_REPACK:
000320 2355      	TST  R21
000321 f442      	BRPL __REPACK
000322 3850      	CPI  R21,0x80
000323 f411      	BRNE __ROUND_REPACK0
000324 ffe0      	SBRS R30,0
000325 c004      	RJMP __REPACK
                 __ROUND_REPACK0:
000326 9631      	ADIW R30,1
000327 1f69      	ADC  R22,R25
000328 1f79      	ADC  R23,R25
000329 f06b      	BRVS __REPACK1
                 
                 __REPACK:
00032a e850      	LDI  R21,0x80
00032b 2757      	EOR  R21,R23
00032c f411      	BRNE __REPACK0
00032d 935f      	PUSH R21
00032e c0cf      	RJMP __ZERORES
                 __REPACK0:
00032f 3f5f      	CPI  R21,0xFF
000330 f031      	BREQ __REPACK1
000331 0f66      	LSL  R22
000332 0c00      	LSL  R0
000333 9557      	ROR  R21
000334 9567      	ROR  R22
000335 2f75      	MOV  R23,R21
000336 9508      	RET
                 __REPACK1:
000337 935f      	PUSH R21
000338 2000      	TST  R0
000339 f00a      	BRMI __REPACK2
00033a c0cf      	RJMP __MAXRES
                 __REPACK2:
00033b c0c8      	RJMP __MINRES
                 
                 __UNPACK:
00033c e850      	LDI  R21,0x80
00033d 2e19      	MOV  R1,R25
00033e 2215      	AND  R1,R21
00033f 0f88      	LSL  R24
000340 1f99      	ROL  R25
000341 2795      	EOR  R25,R21
000342 0f55      	LSL  R21
000343 9587      	ROR  R24
                 
                 __UNPACK1:
000344 e850      	LDI  R21,0x80
000345 2e07      	MOV  R0,R23
000346 2205      	AND  R0,R21
000347 0f66      	LSL  R22
000348 1f77      	ROL  R23
000349 2775      	EOR  R23,R21
00034a 0f55      	LSL  R21
00034b 9567      	ROR  R22
00034c 9508      	RET
                 
                 __CFD1U:
00034d 9468      	SET
00034e c001      	RJMP __CFD1U0
                 __CFD1:
00034f 94e8      	CLT
                 __CFD1U0:
000350 935f      	PUSH R21
000351 dff2      	RCALL __UNPACK1
000352 3870      	CPI  R23,0x80
000353 f018      	BRLO __CFD10
000354 3f7f      	CPI  R23,0xFF
000355 f408      	BRCC __CFD10
000356 c0a7      	RJMP __ZERORES
                 __CFD10:
000357 e156      	LDI  R21,22
000358 1b57      	SUB  R21,R23
000359 f4aa      	BRPL __CFD11
00035a 9551      	NEG  R21
00035b 3058      	CPI  R21,8
00035c f40e      	BRTC __CFD19
00035d 3059      	CPI  R21,9
                 __CFD19:
00035e f030      	BRLO __CFD17
00035f efef      	SER  R30
000360 efff      	SER  R31
000361 ef6f      	SER  R22
000362 e77f      	LDI  R23,0x7F
000363 f977      	BLD  R23,7
000364 c01a      	RJMP __CFD15
                 __CFD17:
000365 2777      	CLR  R23
000366 2355      	TST  R21
000367 f0b9      	BREQ __CFD15
                 __CFD18:
000368 0fee      	LSL  R30
000369 1fff      	ROL  R31
00036a 1f66      	ROL  R22
00036b 1f77      	ROL  R23
00036c 955a      	DEC  R21
00036d f7d1      	BRNE __CFD18
00036e c010      	RJMP __CFD15
                 __CFD11:
00036f 2777      	CLR  R23
                 __CFD12:
000370 3058      	CPI  R21,8
000371 f028      	BRLO __CFD13
000372 2fef      	MOV  R30,R31
000373 2ff6      	MOV  R31,R22
000374 2f67      	MOV  R22,R23
000375 5058      	SUBI R21,8
000376 cff9      	RJMP __CFD12
                 __CFD13:
000377 2355      	TST  R21
000378 f031      	BREQ __CFD15
                 __CFD14:
000379 9576      	LSR  R23
00037a 9567      	ROR  R22
00037b 95f7      	ROR  R31
00037c 95e7      	ROR  R30
00037d 955a      	DEC  R21
00037e f7d1      	BRNE __CFD14
                 __CFD15:
00037f 2000      	TST  R0
000380 f40a      	BRPL __CFD16
000381 d145      	RCALL __ANEGD1
                 __CFD16:
000382 915f      	POP  R21
000383 9508      	RET
                 
                 __CDF1U:
000384 9468      	SET
000385 c001      	RJMP __CDF1U0
                 __CDF1:
000386 94e8      	CLT
                 __CDF1U0:
000387 9730      	SBIW R30,0
000388 4060      	SBCI R22,0
000389 4070      	SBCI R23,0
00038a f0b1      	BREQ __CDF10
00038b 2400      	CLR  R0
00038c f026      	BRTS __CDF11
00038d 2377      	TST  R23
00038e f412      	BRPL __CDF11
00038f 9400      	COM  R0
000390 d136      	RCALL __ANEGD1
                 __CDF11:
000391 2e17      	MOV  R1,R23
000392 e17e      	LDI  R23,30
000393 2011      	TST  R1
                 __CDF12:
000394 f032      	BRMI __CDF13
000395 957a      	DEC  R23
000396 0fee      	LSL  R30
000397 1fff      	ROL  R31
000398 1f66      	ROL  R22
000399 1c11      	ROL  R1
00039a cff9      	RJMP __CDF12
                 __CDF13:
00039b 2fef      	MOV  R30,R31
00039c 2ff6      	MOV  R31,R22
00039d 2d61      	MOV  R22,R1
00039e 935f      	PUSH R21
00039f df8a      	RCALL __REPACK
0003a0 915f      	POP  R21
                 __CDF10:
0003a1 9508      	RET
                 
                 __SWAPACC:
0003a2 934f      	PUSH R20
0003a3 01af      	MOVW R20,R30
0003a4 01fd      	MOVW R30,R26
0003a5 01da      	MOVW R26,R20
0003a6 01ab      	MOVW R20,R22
0003a7 01bc      	MOVW R22,R24
0003a8 01ca      	MOVW R24,R20
0003a9 2d40      	MOV  R20,R0
0003aa 2c01      	MOV  R0,R1
0003ab 2e14      	MOV  R1,R20
0003ac 914f      	POP  R20
0003ad 9508      	RET
                 
                 __UADD12:
0003ae 0fea      	ADD  R30,R26
0003af 1ffb      	ADC  R31,R27
0003b0 1f68      	ADC  R22,R24
0003b1 9508      	RET
                 
                 __NEGMAN1:
0003b2 95e0      	COM  R30
0003b3 95f0      	COM  R31
0003b4 9560      	COM  R22
0003b5 5fef      	SUBI R30,-1
0003b6 4fff      	SBCI R31,-1
0003b7 4f6f      	SBCI R22,-1
0003b8 9508      	RET
                 
                 __SUBF12:
0003b9 935f      	PUSH R21
0003ba df81      	RCALL __UNPACK
0003bb 3890      	CPI  R25,0x80
0003bc f171      	BREQ __ADDF129
0003bd e850      	LDI  R21,0x80
0003be 2615      	EOR  R1,R21
                 
0003bf c004      	RJMP __ADDF120
                 
                 __ADDF12:
0003c0 935f      	PUSH R21
0003c1 df7a      	RCALL __UNPACK
0003c2 3890      	CPI  R25,0x80
0003c3 f139      	BREQ __ADDF129
                 
                 __ADDF120:
0003c4 3870      	CPI  R23,0x80
0003c5 f121      	BREQ __ADDF128
                 __ADDF121:
0003c6 2f57      	MOV  R21,R23
0003c7 1b59      	SUB  R21,R25
0003c8 f12b      	BRVS __ADDF1211
0003c9 f412      	BRPL __ADDF122
0003ca dfd7      	RCALL __SWAPACC
0003cb cffa      	RJMP __ADDF121
                 __ADDF122:
0003cc 3158      	CPI  R21,24
0003cd f018      	BRLO __ADDF123
0003ce 27aa      	CLR  R26
0003cf 27bb      	CLR  R27
0003d0 2788      	CLR  R24
                 __ADDF123:
0003d1 3058      	CPI  R21,8
0003d2 f028      	BRLO __ADDF124
0003d3 2fab      	MOV  R26,R27
0003d4 2fb8      	MOV  R27,R24
0003d5 2788      	CLR  R24
0003d6 5058      	SUBI R21,8
0003d7 cff9      	RJMP __ADDF123
                 __ADDF124:
0003d8 2355      	TST  R21
0003d9 f029      	BREQ __ADDF126
                 __ADDF125:
0003da 9586      	LSR  R24
0003db 95b7      	ROR  R27
0003dc 95a7      	ROR  R26
0003dd 955a      	DEC  R21
0003de f7d9      	BRNE __ADDF125
                 __ADDF126:
0003df 2d50      	MOV  R21,R0
0003e0 2551      	EOR  R21,R1
0003e1 f072      	BRMI __ADDF127
0003e2 dfcb      	RCALL __UADD12
0003e3 f438      	BRCC __ADDF129
0003e4 9567      	ROR  R22
0003e5 95f7      	ROR  R31
0003e6 95e7      	ROR  R30
0003e7 9573      	INC  R23
0003e8 f413      	BRVC __ADDF129
0003e9 c020      	RJMP __MAXRES
                 __ADDF128:
0003ea dfb7      	RCALL __SWAPACC
                 __ADDF129:
0003eb df3e      	RCALL __REPACK
0003ec 915f      	POP  R21
0003ed 9508      	RET
                 __ADDF1211:
0003ee f7d8      	BRCC __ADDF128
0003ef cffb      	RJMP __ADDF129
                 __ADDF127:
0003f0 1bea      	SUB  R30,R26
0003f1 0bfb      	SBC  R31,R27
0003f2 0b68      	SBC  R22,R24
0003f3 f051      	BREQ __ZERORES
0003f4 f410      	BRCC __ADDF1210
0003f5 9400      	COM  R0
0003f6 dfbb      	RCALL __NEGMAN1
                 __ADDF1210:
0003f7 2366      	TST  R22
0003f8 f392      	BRMI __ADDF129
0003f9 0fee      	LSL  R30
0003fa 1fff      	ROL  R31
0003fb 1f66      	ROL  R22
0003fc 957a      	DEC  R23
0003fd f7cb      	BRVC __ADDF1210
                 
                 __ZERORES:
0003fe 27ee      	CLR  R30
0003ff 27ff      	CLR  R31
000400 2766      	CLR  R22
000401 2777      	CLR  R23
000402 915f      	POP  R21
000403 9508      	RET
                 
                 __MINRES:
000404 efef      	SER  R30
000405 efff      	SER  R31
000406 e76f      	LDI  R22,0x7F
000407 ef7f      	SER  R23
000408 915f      	POP  R21
000409 9508      	RET
                 
                 __MAXRES:
00040a efef      	SER  R30
00040b efff      	SER  R31
00040c e76f      	LDI  R22,0x7F
00040d e77f      	LDI  R23,0x7F
00040e 915f      	POP  R21
00040f 9508      	RET
                 
                 __MULF12:
000410 935f      	PUSH R21
000411 df2a      	RCALL __UNPACK
000412 3870      	CPI  R23,0x80
000413 f351      	BREQ __ZERORES
000414 3890      	CPI  R25,0x80
000415 f341      	BREQ __ZERORES
000416 2401      	EOR  R0,R1
000417 9408      	SEC
000418 1f79      	ADC  R23,R25
000419 f423      	BRVC __MULF124
00041a f31c      	BRLT __ZERORES
                 __MULF125:
00041b 2000      	TST  R0
00041c f33a      	BRMI __MINRES
00041d cfec      	RJMP __MAXRES
                 __MULF124:
00041e 920f      	PUSH R0
00041f 931f      	PUSH R17
000420 932f      	PUSH R18
000421 933f      	PUSH R19
000422 934f      	PUSH R20
000423 2711      	CLR  R17
000424 2722      	CLR  R18
000425 2799      	CLR  R25
000426 9f68      	MUL  R22,R24
000427 01a0      	MOVW R20,R0
000428 9f8f      	MUL  R24,R31
000429 2d30      	MOV  R19,R0
00042a 0d41      	ADD  R20,R1
00042b 1f59      	ADC  R21,R25
00042c 9f6b      	MUL  R22,R27
00042d 0d30      	ADD  R19,R0
00042e 1d41      	ADC  R20,R1
00042f 1f59      	ADC  R21,R25
000430 9f8e      	MUL  R24,R30
000431 d027      	RCALL __MULF126
000432 9fbf      	MUL  R27,R31
000433 d025      	RCALL __MULF126
000434 9f6a      	MUL  R22,R26
000435 d023      	RCALL __MULF126
000436 9fbe      	MUL  R27,R30
000437 d01d      	RCALL __MULF127
000438 9faf      	MUL  R26,R31
000439 d01b      	RCALL __MULF127
00043a 9fae      	MUL  R26,R30
00043b 0d11      	ADD  R17,R1
00043c 1f29      	ADC  R18,R25
00043d 1f39      	ADC  R19,R25
00043e 1f49      	ADC  R20,R25
00043f 1f59      	ADC  R21,R25
000440 2fe3      	MOV  R30,R19
000441 2ff4      	MOV  R31,R20
000442 2f65      	MOV  R22,R21
000443 2f52      	MOV  R21,R18
000444 914f      	POP  R20
000445 913f      	POP  R19
000446 912f      	POP  R18
000447 911f      	POP  R17
000448 900f      	POP  R0
000449 2366      	TST  R22
00044a f02a      	BRMI __MULF122
00044b 0f55      	LSL  R21
00044c 1fee      	ROL  R30
00044d 1fff      	ROL  R31
00044e 1f66      	ROL  R22
00044f c002      	RJMP __MULF123
                 __MULF122:
000450 9573      	INC  R23
000451 f24b      	BRVS __MULF125
                 __MULF123:
000452 decd      	RCALL __ROUND_REPACK
000453 915f      	POP  R21
000454 9508      	RET
                 
                 __MULF127:
000455 0d10      	ADD  R17,R0
000456 1d21      	ADC  R18,R1
000457 1f39      	ADC  R19,R25
000458 c002      	RJMP __MULF128
                 __MULF126:
000459 0d20      	ADD  R18,R0
00045a 1d31      	ADC  R19,R1
                 __MULF128:
00045b 1f49      	ADC  R20,R25
00045c 1f59      	ADC  R21,R25
00045d 9508      	RET
                 
                 __DIVF21:
00045e 935f      	PUSH R21
00045f dedc      	RCALL __UNPACK
000460 3870      	CPI  R23,0x80
000461 f421      	BRNE __DIVF210
000462 2011      	TST  R1
                 __DIVF211:
000463 f40a      	BRPL __DIVF219
000464 cf9f      	RJMP __MINRES
                 __DIVF219:
000465 cfa4      	RJMP __MAXRES
                 __DIVF210:
000466 3890      	CPI  R25,0x80
000467 f409      	BRNE __DIVF218
                 __DIVF217:
000468 cf95      	RJMP __ZERORES
                 __DIVF218:
000469 2401      	EOR  R0,R1
00046a 9408      	SEC
00046b 0b97      	SBC  R25,R23
00046c f41b      	BRVC __DIVF216
00046d f3d4      	BRLT __DIVF217
00046e 2000      	TST  R0
00046f cff3      	RJMP __DIVF211
                 __DIVF216:
000470 2f79      	MOV  R23,R25
000471 931f      	PUSH R17
000472 932f      	PUSH R18
000473 933f      	PUSH R19
000474 934f      	PUSH R20
000475 2411      	CLR  R1
000476 2711      	CLR  R17
000477 2722      	CLR  R18
000478 2733      	CLR  R19
000479 2744      	CLR  R20
00047a 2755      	CLR  R21
00047b e290      	LDI  R25,32
                 __DIVF212:
00047c 17ae      	CP   R26,R30
00047d 07bf      	CPC  R27,R31
00047e 0786      	CPC  R24,R22
00047f 0741      	CPC  R20,R17
000480 f030      	BRLO __DIVF213
000481 1bae      	SUB  R26,R30
000482 0bbf      	SBC  R27,R31
000483 0b86      	SBC  R24,R22
000484 0b41      	SBC  R20,R17
000485 9408      	SEC
000486 c001      	RJMP __DIVF214
                 __DIVF213:
000487 9488      	CLC
                 __DIVF214:
000488 1f55      	ROL  R21
000489 1f22      	ROL  R18
00048a 1f33      	ROL  R19
00048b 1c11      	ROL  R1
00048c 1faa      	ROL  R26
00048d 1fbb      	ROL  R27
00048e 1f88      	ROL  R24
00048f 1f44      	ROL  R20
000490 959a      	DEC  R25
000491 f751      	BRNE __DIVF212
000492 01f9      	MOVW R30,R18
000493 2d61      	MOV  R22,R1
000494 914f      	POP  R20
000495 913f      	POP  R19
000496 912f      	POP  R18
000497 911f      	POP  R17
000498 2366      	TST  R22
000499 f032      	BRMI __DIVF215
00049a 0f55      	LSL  R21
00049b 1fee      	ROL  R30
00049c 1fff      	ROL  R31
00049d 1f66      	ROL  R22
00049e 957a      	DEC  R23
00049f f243      	BRVS __DIVF217
                 __DIVF215:
0004a0 de7f      	RCALL __ROUND_REPACK
0004a1 915f      	POP  R21
0004a2 9508      	RET
                 
                 __CMPF12:
0004a3 2399      	TST  R25
0004a4 f09a      	BRMI __CMPF120
0004a5 2377      	TST  R23
0004a6 f042      	BRMI __CMPF121
0004a7 1797      	CP   R25,R23
0004a8 f048      	BRLO __CMPF122
0004a9 f429      	BRNE __CMPF121
0004aa 17ae      	CP   R26,R30
0004ab 07bf      	CPC  R27,R31
0004ac 0786      	CPC  R24,R22
0004ad f020      	BRLO __CMPF122
0004ae f031      	BREQ __CMPF123
                 __CMPF121:
0004af 9498      	CLZ
0004b0 9488      	CLC
0004b1 9508      	RET
                 __CMPF122:
0004b2 9498      	CLZ
0004b3 9408      	SEC
0004b4 9508      	RET
                 __CMPF123:
0004b5 9418      	SEZ
0004b6 9488      	CLC
0004b7 9508      	RET
                 __CMPF120:
0004b8 2377      	TST  R23
0004b9 f7c2      	BRPL __CMPF122
0004ba 1797      	CP   R25,R23
0004bb f398      	BRLO __CMPF121
0004bc f7a9      	BRNE __CMPF122
0004bd 17ea      	CP   R30,R26
0004be 07fb      	CPC  R31,R27
0004bf 0768      	CPC  R22,R24
0004c0 f388      	BRLO __CMPF122
0004c1 f399      	BREQ __CMPF123
0004c2 cfec      	RJMP __CMPF121
                 
                 __ANEGW1:
0004c3 95f1      	NEG  R31
0004c4 95e1      	NEG  R30
0004c5 40f0      	SBCI R31,0
0004c6 9508      	RET
                 
                 __ANEGD1:
0004c7 95f0      	COM  R31
0004c8 9560      	COM  R22
0004c9 9570      	COM  R23
0004ca 95e1      	NEG  R30
0004cb 4fff      	SBCI R31,-1
0004cc 4f6f      	SBCI R22,-1
0004cd 4f7f      	SBCI R23,-1
0004ce 9508      	RET
                 
                 __CWD1:
0004cf 2f6f      	MOV  R22,R31
0004d0 0f66      	ADD  R22,R22
0004d1 0b66      	SBC  R22,R22
0004d2 2f76      	MOV  R23,R22
0004d3 9508      	RET
                 
                 __CWD2:
0004d4 2f8b      	MOV  R24,R27
0004d5 0f88      	ADD  R24,R24
0004d6 0b88      	SBC  R24,R24
0004d7 2f98      	MOV  R25,R24
0004d8 9508      	RET
                 
                 __DIVW21U:
0004d9 2400      	CLR  R0
0004da 2411      	CLR  R1
0004db e190      	LDI  R25,16
                 __DIVW21U1:
0004dc 0faa      	LSL  R26
0004dd 1fbb      	ROL  R27
0004de 1c00      	ROL  R0
0004df 1c11      	ROL  R1
0004e0 1a0e      	SUB  R0,R30
0004e1 0a1f      	SBC  R1,R31
0004e2 f418      	BRCC __DIVW21U2
0004e3 0e0e      	ADD  R0,R30
0004e4 1e1f      	ADC  R1,R31
0004e5 c001      	RJMP __DIVW21U3
                 __DIVW21U2:
0004e6 60a1      	SBR  R26,1
                 __DIVW21U3:
0004e7 959a      	DEC  R25
0004e8 f799      	BRNE __DIVW21U1
0004e9 01fd      	MOVW R30,R26
0004ea 01d0      	MOVW R26,R0
0004eb 9508      	RET
                 
                 __MODW21:
0004ec 94e8      	CLT
0004ed ffb7      	SBRS R27,7
0004ee c004      	RJMP __MODW211
0004ef 95a0      	COM  R26
0004f0 95b0      	COM  R27
0004f1 9611      	ADIW R26,1
0004f2 9468      	SET
                 __MODW211:
0004f3 fdf7      	SBRC R31,7
0004f4 dfce      	RCALL __ANEGW1
0004f5 dfe3      	RCALL __DIVW21U
0004f6 01fd      	MOVW R30,R26
0004f7 f40e      	BRTC __MODW212
0004f8 dfca      	RCALL __ANEGW1
                 __MODW212:
0004f9 9508      	RET
                 
                 __PUTDP1:
0004fa 93ed      	ST   X+,R30
0004fb 93fd      	ST   X+,R31
0004fc 936d      	ST   X+,R22
0004fd 937c      	ST   X,R23
0004fe 9508      	RET
                 
                 __GETD1S0:
0004ff 81e8      	LD   R30,Y
000500 81f9      	LDD  R31,Y+1
000501 816a      	LDD  R22,Y+2
000502 817b      	LDD  R23,Y+3
000503 9508      	RET
                 
                 __GETD2S0:
000504 81a8      	LD   R26,Y
000505 81b9      	LDD  R27,Y+1
000506 818a      	LDD  R24,Y+2
000507 819b      	LDD  R25,Y+3
000508 9508      	RET
                 
                 __PUTD1S0:
000509 83e8      	ST   Y,R30
00050a 83f9      	STD  Y+1,R31
00050b 836a      	STD  Y+2,R22
00050c 837b      	STD  Y+3,R23
00050d 9508      	RET
                 
                 __PUTPARD1:
00050e 937a      	ST   -Y,R23
00050f 936a      	ST   -Y,R22
000510 93fa      	ST   -Y,R31
000511 93ea      	ST   -Y,R30
000512 9508      	RET
                 
                 __PUTPARD2:
000513 939a      	ST   -Y,R25
000514 938a      	ST   -Y,R24
000515 93ba      	ST   -Y,R27
000516 93aa      	ST   -Y,R26
000517 9508      	RET
                 
                 __CDF2U:
000518 9468      	SET
000519 c001      	RJMP __CDF2U0
                 __CDF2:
00051a 94e8      	CLT
                 __CDF2U0:
00051b d001      	RCALL __SWAPD12
00051c de6a      	RCALL __CDF1U0
                 
                 __SWAPD12:
00051d 2e18      	MOV  R1,R24
00051e 2f86      	MOV  R24,R22
00051f 2d61      	MOV  R22,R1
000520 2e19      	MOV  R1,R25
000521 2f97      	MOV  R25,R23
000522 2d71      	MOV  R23,R1
                 
                 __SWAPW12:
000523 2e1b      	MOV  R1,R27
000524 2fbf      	MOV  R27,R31
000525 2df1      	MOV  R31,R1
                 
                 __SWAPB12:
000526 2e1a      	MOV  R1,R26
000527 2fae      	MOV  R26,R30
000528 2de1      	MOV  R30,R1
000529 9508      	RET
                 
                 __CPD10:
00052a 9730      	SBIW R30,0
00052b 4060      	SBCI R22,0
00052c 4070      	SBCI R23,0
00052d 9508      	RET
                 
                 __CPD02:
00052e 2400      	CLR  R0
00052f 160a      	CP   R0,R26
000530 060b      	CPC  R0,R27
000531 0608      	CPC  R0,R24
000532 0609      	CPC  R0,R25
000533 9508      	RET
                 
                 __CPD12:
000534 17ea      	CP   R30,R26
000535 07fb      	CPC  R31,R27
000536 0768      	CPC  R22,R24
000537 0779      	CPC  R23,R25
000538 9508      	RET
                 
                 ;END OF CODE MARKER
                 __END_OF_CODE:


RESOURCE USE INFORMATION
------------------------

Notice:
The register and instruction counts are symbol table hit counts,
and hence implicitly used resources are not counted, eg, the
'lpm' instruction without operands implicitly uses r0 and z,
none of which are counted.

x,y,z are separate entities in the symbol table and are
counted separately from r26..r31 here.

.dseg memory usage only counts static data declared with .byte

ATmega16 register use summary:
r0 :  38 r1 :  36 r2 :   0 r3 :   0 r4 :   5 r5 :   2 r6 :   4 r7 :   0 
r8 :   4 r9 :   2 r10:   4 r11:   2 r12:   5 r13:   1 r14:   0 r15:   2 
r16:  10 r17:  17 r18:  12 r19:  12 r20:  22 r21:  63 r22: 105 r23: 102 
r24:  72 r25:  67 r26:  69 r27:  53 r28:   9 r29:   1 r30: 164 r31:  92 
x  :   9 y  : 139 z  :   7 
Registers used: 31 out of 35 (88.6%)

ATmega16 instruction use summary:
.lds  :   0 .lds.l:   0 .sts  :   0 .sts.l:   0 adc   :  18 add   :  10 
adiw  :  10 and   :   5 andi  :   1 asr   :   0 bclr  :   0 bld   :   2 
brbc  :   0 brbs  :   0 brcc  :   7 brcs  :   1 break :   0 breq  :  18 
brge  :   3 brhc  :   0 brhs  :   0 brid  :   0 brie  :   0 brlo  :  10 
brlt  :   3 brmi  :   9 brne  :  22 brpl  :   7 brsh  :   3 brtc  :   3 
brts  :   3 brvc  :   4 brvs  :   4 bset  :   0 bst   :   4 call  : 114 
cbi   :   0 cbr   :   1 clc   :   3 clh   :   0 cli   :   1 cln   :   0 
clr   :  39 cls   :   0 clt   :   5 clv   :   0 clz   :   2 com   :  10 
cp    :  12 cpc   :  20 cpi   :  17 cpse  :   0 dec   :  10 des   :   0 
eor   :   7 fmul  :   0 fmuls :   0 fmulsu:   0 icall :   0 ijmp  :   0 
in    :   4 inc   :   2 jmp   :  23 ld    :  31 ldd   :  57 ldi   : 133 
lds   :   0 lpm   :   7 lsl   :  15 lsr   :   5 mov   :  41 movw  :  42 
mul   :   9 muls  :   0 mulsu :   0 neg   :   4 nop   :   0 or    :   0 
ori   :   0 out   :  24 pop   :  36 push  :  36 rcall :  29 ret   :  54 
reti  :   2 rjmp  :  45 rol   :  29 ror   :  17 sbc   :  10 sbci  :  13 
sbi   :   0 sbic  :   0 sbis  :   0 sbiw  :  11 sbr   :   3 sbrc  :   2 
sbrs  :   2 sec   :   5 seh   :   0 sei   :   1 sen   :   0 ser   :   8 
ses   :   0 set   :   4 sev   :   0 sez   :   1 sleep :   0 spm   :   0 
st    :  37 std   :  23 sts   :   0 sub   :   5 subi  :   7 swap  :   0 
tst   :  17 wdr   :   0 
Instructions used: 72 out of 116 (62.1%)

ATmega16 memory use summary [bytes]:
Segment   Begin    End      Code   Data   Used    Size   Use%
---------------------------------------------------------------
[.cseg] 0x000000 0x000a72   2638     36   2674   16384  16.3%
[.dseg] 0x000060 0x000164      0      4      4    1024   0.4%
[.eseg] 0x000000 0x000000      0      0      0     512   0.0%

Assembly complete, 0 errors, 12 warnings
